                      :-) GROMACS - gmx mdrun, 2024.2 (-:

Copyright 1991-2024 The GROMACS Authors.
GROMACS is free software; you can redistribute it and/or modify it
under the terms of the GNU Lesser General Public License
as published by the Free Software Foundation; either version 2.1
of the License, or (at your option) any later version.

                         Current GROMACS contributors:
       Mark Abraham           Andrey Alekseenko           Vladimir Basov      
      Cathrine Bergh            Eliane Briand               Ania Brown        
      Mahesh Doijade            Giacomo Fiorin          Stefan Fleischmann    
      Sergey Gorelov         Gilles Gouaillardet            Alan Gray         
     M. Eric Irrgang         Farzaneh Jalalypour            Joe Jordan        
     Carsten Kutzner           Justin A. Lemkul          Magnus Lundborg      
       Pascal Merz              Vedran Miletic            Dmitry Morozov      
       Julien Nabet              Szilard Pall        Andrea Pasquadibisceglie 
    Michele Pellegrino          Hubert Santuz             Roland Schulz       
     Tatiana Shugaeva          Alexey Shvetsov            Philip Turner       
     Alessandra Villa      Sebastian Wingbermuehle  

                         Previous GROMACS contributors:
        Emile Apol             Rossen Apostolov           James Barnett       
        Paul Bauer          Herman J.C. Berendsen          Par Bjelkmar       
      Christian Blau          Viacheslav Bolnykh            Kevin Boyd        
    Aldert van Buuren          Carlo Camilloni           Rudi van Drunen      
      Anton Feenstra           Oliver Fleetwood            Vytas Gapsys       
       Gaurav Garg             Gerrit Groenhof            Bert de Groot       
      Anca Hamuraru           Vincent Hindriksen          Victor Holanda      
     Aleksei Iupinov          Christoph Junghans        Prashanth Kanduri     
   Dimitrios Karkoulis           Peter Kasson             Sebastian Kehl      
     Sebastian Keller             Jiri Kraus               Per Larsson        
      Viveca Lindahl            Erik Marklund           Pieter Meulenhoff     
      Teemu Murtola              Sander Pronk             Michael Shirts      
      Alfons Sijbers            Balint Soproni         David van der Spoel    
      Peter Tieleman            Carsten Uphoff             Jon Vincent        
     Teemu Virolainen         Christian Wennberg           Maarten Wolf       
      Artem Zhmurov       

                  Coordinated by the GROMACS project leaders:
                           Berk Hess and Erik Lindahl

GROMACS:      gmx mdrun, version 2024.2
Executable:   /usr/local/gromacs/bin/gmx
Data prefix:  /usr/local/gromacs
Working dir:  /home/ricardo/dropbox_local/protocolo_filmes/casting_md/example/chitosan/solvent_box
Process ID:   12662
Command line:
  gmx mdrun -deffnm em -v

GROMACS version:     2024.2
Precision:           mixed
Memory model:        64 bit
MPI library:         thread_mpi
OpenMP support:      enabled (GMX_OPENMP_MAX_THREADS = 128)
GPU support:         CUDA
NBNxM GPU setup:     super-cluster 2x2x2 / cluster 8
SIMD instructions:   AVX2_256
CPU FFT library:     fftw-3.3.8-sse2-avx
GPU FFT library:     cuFFT
Multi-GPU FFT:       none
RDTSCP usage:        enabled
TNG support:         enabled
Hwloc support:       disabled
Tracing support:     disabled
C compiler:          /usr/bin/gcc-9 GNU 9.5.0
C compiler flags:    -fexcess-precision=fast -funroll-all-loops -mavx2 -mfma -Wno-missing-field-initializers -O3 -DNDEBUG
C++ compiler:        /usr/bin/c++ GNU 11.4.0
C++ compiler flags:  -fexcess-precision=fast -funroll-all-loops -mavx2 -mfma -Wno-missing-field-initializers -Wno-cast-function-type-strict -fopenmp -O3 -DNDEBUG
BLAS library:        External - detected on the system
LAPACK library:      External - detected on the system
CUDA compiler:       /usr/bin/nvcc nvcc: NVIDIA (R) Cuda compiler driver;Copyright (c) 2005-2021 NVIDIA Corporation;Built on Thu_Nov_18_09:45:30_PST_2021;Cuda compilation tools, release 11.5, V11.5.119;Build cuda_11.5.r11.5/compiler.30672275_0
CUDA compiler flags:-std=c++17;;-D_FORCE_INLINES;-Xcompiler;-fopenmp;-fexcess-precision=fast -funroll-all-loops -mavx2 -mfma -Wno-missing-field-initializers -Wno-cast-function-type-strict -fopenmp -O3 -DNDEBUG
CUDA driver:         12.70
CUDA runtime:        11.50


Running on 1 node with total 6 cores, 12 processing units, 1 compatible GPU
Hardware detected on host pop-os:
  CPU info:
    Vendor: Intel
    Brand:  11th Gen Intel(R) Core(TM) i5-11400H @ 2.70GHz
    Family: 6   Model: 141   Stepping: 1
    Features: aes apic avx avx2 avx512f avx512cd avx512bw avx512vl avx512secondFMA clfsh cmov cx8 cx16 f16c fma htt intel lahf mmx msr nonstop_tsc pcid pclmuldq pdcm pdpe1gb popcnt pse rdrnd rdtscp sha sse2 sse3 sse4.1 sse4.2 ssse3 tdt x2apic
    Number of AVX-512 FMA units: 1 (For Intel, AVX2 is faster w/o 2 AVX-512 FMA units)
  Hardware topology: Basic
    Packages, cores, and logical processors:
    [indices refer to OS logical processors]
      Package  0: [   0   6] [   1   7] [   2   8] [   3   9] [   4  10] [   5  11]
    CPU limit set by OS: -1   Recommended max number of threads: 12
  GPU info:
    Number of GPUs detected: 1
    #0: NVIDIA NVIDIA GeForce RTX 3050 Laptop GPU, compute cap.: 8.6, ECC:  no, stat: compatible


++++ PLEASE READ AND CITE THE FOLLOWING REFERENCE ++++
M. J. Abraham, T. Murtola, R. Schulz, S. Páll, J. C. Smith, B. Hess, E.
Lindahl
GROMACS: High performance molecular simulations through multi-level
parallelism from laptops to supercomputers
SoftwareX 1 (2015) pp. 19-25
-------- -------- --- Thank You --- -------- --------


++++ PLEASE READ AND CITE THE FOLLOWING REFERENCE ++++
S. Páll, M. J. Abraham, C. Kutzner, B. Hess, E. Lindahl
Tackling Exascale Software Challenges in Molecular Dynamics Simulations with
GROMACS
In S. Markidis & E. Laure (Eds.), Solving Software Challenges for Exascale 8759 (2015) pp. 3-27
-------- -------- --- Thank You --- -------- --------


++++ PLEASE READ AND CITE THE FOLLOWING REFERENCE ++++
S. Pronk, S. Páll, R. Schulz, P. Larsson, P. Bjelkmar, R. Apostolov, M. R.
Shirts, J. C. Smith, P. M. Kasson, D. van der Spoel, B. Hess, and E. Lindahl
GROMACS 4.5: a high-throughput and highly parallel open source molecular
simulation toolkit
Bioinformatics 29 (2013) pp. 845-54
-------- -------- --- Thank You --- -------- --------


++++ PLEASE READ AND CITE THE FOLLOWING REFERENCE ++++
B. Hess and C. Kutzner and D. van der Spoel and E. Lindahl
GROMACS 4: Algorithms for highly efficient, load-balanced, and scalable
molecular simulation
J. Chem. Theory Comput. 4 (2008) pp. 435-447
-------- -------- --- Thank You --- -------- --------


++++ PLEASE READ AND CITE THE FOLLOWING REFERENCE ++++
D. van der Spoel, E. Lindahl, B. Hess, G. Groenhof, A. E. Mark and H. J. C.
Berendsen
GROMACS: Fast, Flexible and Free
J. Comp. Chem. 26 (2005) pp. 1701-1719
-------- -------- --- Thank You --- -------- --------


++++ PLEASE READ AND CITE THE FOLLOWING REFERENCE ++++
E. Lindahl and B. Hess and D. van der Spoel
GROMACS 3.0: A package for molecular simulation and trajectory analysis
J. Mol. Mod. 7 (2001) pp. 306-317
-------- -------- --- Thank You --- -------- --------


++++ PLEASE READ AND CITE THE FOLLOWING REFERENCE ++++
H. J. C. Berendsen, D. van der Spoel and R. van Drunen
GROMACS: A message-passing parallel molecular dynamics implementation
Comp. Phys. Comm. 91 (1995) pp. 43-56
-------- -------- --- Thank You --- -------- --------


++++ PLEASE CITE THE DOI FOR THIS VERSION OF GROMACS ++++
https://doi.org/10.5281/zenodo.11148655
-------- -------- --- Thank You --- -------- --------

Input Parameters:
   integrator                     = steep
   tinit                          = 0
   dt                             = 0.001
   nsteps                         = 50000
   init-step                      = 0
   simulation-part                = 1
   mts                            = false
   mass-repartition-factor        = 1
   comm-mode                      = Linear
   nstcomm                        = 100
   bd-fric                        = 0
   ld-seed                        = -1073759816
   emtol                          = 1000
   emstep                         = 0.01
   niter                          = 20
   fcstep                         = 0
   nstcgsteep                     = 1000
   nbfgscorr                      = 10
   rtpi                           = 0.05
   nstxout                        = 0
   nstvout                        = 0
   nstfout                        = 0
   nstlog                         = 1000
   nstcalcenergy                  = 100
   nstenergy                      = 1000
   nstxout-compressed             = 0
   compressed-x-precision         = 1000
   cutoff-scheme                  = Verlet
   nstlist                        = 1
   pbc                            = xyz
   periodic-molecules             = false
   verlet-buffer-tolerance        = 0.005
   verlet-buffer-pressure-tolerance = 0.5
   rlist                          = 1.2
   coulombtype                    = PME
   coulomb-modifier               = Potential-shift
   rcoulomb-switch                = 0
   rcoulomb                       = 1.2
   epsilon-r                      = 1
   epsilon-rf                     = inf
   vdw-type                       = Cut-off
   vdw-modifier                   = Potential-shift
   rvdw-switch                    = 0
   rvdw                           = 1.2
   DispCorr                       = No
   table-extension                = 1
   fourierspacing                 = 0.12
   fourier-nx                     = 24
   fourier-ny                     = 24
   fourier-nz                     = 24
   pme-order                      = 4
   ewald-rtol                     = 1e-05
   ewald-rtol-lj                  = 0.001
   lj-pme-comb-rule               = Geometric
   ewald-geometry                 = 3d
   epsilon-surface                = 0
   ensemble-temperature-setting   = not available
   tcoupl                         = No
   nsttcouple                     = -1
   nh-chain-length                = 0
   print-nose-hoover-chain-variables = false
   pcoupl                         = No
   refcoord-scaling               = No
   posres-com (3):
      posres-com[0]= 0.00000e+00
      posres-com[1]= 0.00000e+00
      posres-com[2]= 0.00000e+00
   posres-comB (3):
      posres-comB[0]= 0.00000e+00
      posres-comB[1]= 0.00000e+00
      posres-comB[2]= 0.00000e+00
   QMMM                           = false
qm-opts:
   ngQM                           = 0
   constraint-algorithm           = Lincs
   continuation                   = false
   Shake-SOR                      = false
   shake-tol                      = 0.0001
   lincs-order                    = 4
   lincs-iter                     = 1
   lincs-warnangle                = 30
   nwall                          = 0
   wall-type                      = 9-3
   wall-r-linpot                  = -1
   wall-atomtype[0]               = -1
   wall-atomtype[1]               = -1
   wall-density[0]                = 0
   wall-density[1]                = 0
   wall-ewald-zfac                = 3
   pull                           = false
   awh                            = false
   rotation                       = false
   interactiveMD                  = false
   disre                          = No
   disre-weighting                = Conservative
   disre-mixed                    = false
   dr-fc                          = 1000
   dr-tau                         = 0
   nstdisreout                    = 100
   orire-fc                       = 0
   orire-tau                      = 0
   nstorireout                    = 100
   free-energy                    = no
   cos-acceleration               = 0
   deform (3x3):
      deform[    0]={ 0.00000e+00,  0.00000e+00,  0.00000e+00}
      deform[    1]={ 0.00000e+00,  0.00000e+00,  0.00000e+00}
      deform[    2]={ 0.00000e+00,  0.00000e+00,  0.00000e+00}
   simulated-tempering            = false
   swapcoords                     = no
   userint1                       = 0
   userint2                       = 0
   userint3                       = 0
   userint4                       = 0
   userreal1                      = 0
   userreal2                      = 0
   userreal3                      = 0
   userreal4                      = 0
   applied-forces:
     electric-field:
       x:
         E0                       = 0
         omega                    = 0
         t0                       = 0
         sigma                    = 0
       y:
         E0                       = 0
         omega                    = 0
         t0                       = 0
         sigma                    = 0
       z:
         E0                       = 0
         omega                    = 0
         t0                       = 0
         sigma                    = 0
     density-guided-simulation:
       active                     = false
       group                      = protein
       similarity-measure         = inner-product
       atom-spreading-weight      = unity
       force-constant             = 1e+09
       gaussian-transform-spreading-width = 0.2
       gaussian-transform-spreading-range-in-multiples-of-width = 4
       reference-density-filename = reference.mrc
       nst                        = 1
       normalize-densities        = true
       adaptive-force-scaling     = false
       adaptive-force-scaling-time-constant = 4
       shift-vector               = 
       transformation-matrix      = 
     qmmm-cp2k:
       active                     = false
       qmgroup                    = System
       qmmethod                   = PBE
       qmfilenames                = 
       qmcharge                   = 0
       qmmultiplicity             = 1
     colvars:
       active                     = false
       configfile                 = 
       seed                       = -1
grpopts:
   nrdf:        1857
   ref-t:           0
   tau-t:           0
annealing:          No
annealing-npoints:           0
   acc:	           0           0           0
   nfreeze:           N           N           N
   energygrp-flags[  0]: 0

When checking whether update groups are usable:
  Domain decomposition is not active, so there is no need for update groups
  No constraints or virtual sites are in use, so it is best not to use update groups

Update task can not run on the GPU, because the following condition(s) were not satisfied:

Only the md integrator is supported.

1 GPU selected for this run.
Mapping of GPU IDs to the 1 GPU task in the 1 rank on this node:
  PP:0
PP tasks will do (non-perturbed) short-ranged interactions on the GPU
PP task will update and constrain coordinates on the CPU
Using 1 MPI thread
Using 12 OpenMP threads 

System total charge: -0.000
Will do PME sum in reciprocal space for electrostatic interactions.

++++ PLEASE READ AND CITE THE FOLLOWING REFERENCE ++++
U. Essmann, L. Perera, M. L. Berkowitz, T. Darden, H. Lee and L. G. Pedersen 
A smooth particle mesh Ewald method
J. Chem. Phys. 103 (1995) pp. 8577-8592
-------- -------- --- Thank You --- -------- --------

Using a Gaussian width (1/beta) of 0.384195 nm for Ewald
Potential shift: LJ r^-12: -1.122e-01 r^-6: -3.349e-01, Ewald -8.333e-06
Initialized non-bonded Coulomb Ewald tables, spacing: 1.02e-03 size: 1176

Generated table with 1100 data points for 1-4 COUL.
Tabscale = 500 points/nm
Generated table with 1100 data points for 1-4 LJ6.
Tabscale = 500 points/nm
Generated table with 1100 data points for 1-4 LJ12.
Tabscale = 500 points/nm


Using GPU 8x8 nonbonded short-range kernels

Using a 8x8 pair-list setup:
  updated every 1 steps, buffer 0.000 nm, rlist 1.200 nm

Using full Lennard-Jones parameter combination matrix
Removing pbc first time

Pinning threads with an auto-selected logical cpu stride of 1

Note that activating steepest-descent energy minimization via the integrator .mdp option and the command gmx mdrun may be available in a different form in a future version of GROMACS, e.g. gmx minimize and an .mdp option.
Initiating Steepest Descents
Started Steepest Descents on rank 0 Thu Aug 14 09:34:41 2025


Steepest Descents:
   Tolerance (Fmax)   =  1.00000e+03
   Number of steps    =        50000
           Step           Time
              0        0.00000

   Energies (kJ/mol)
           Bond        G96Bond          Angle       G96Angle    Proper Dih.
    1.26344e+01    1.88329e+00    4.37508e+00    1.28906e+01    7.90141e-02
  Improper Dih.          LJ-14     Coulomb-14        LJ (SR)   Coulomb (SR)
    7.75852e-03    3.71805e+01   -1.98201e+03    8.39074e+03   -1.03527e+02
   Coul. recip.      Potential Pressure (bar)
    4.09410e+02    6.78367e+03    4.41748e+04

           Step           Time
              1        1.00000

   Energies (kJ/mol)
           Bond        G96Bond          Angle       G96Angle    Proper Dih.
    4.82967e+01    2.00968e+00    1.14831e+01    1.12156e+01    2.12610e-01
  Improper Dih.          LJ-14     Coulomb-14        LJ (SR)   Coulomb (SR)
    1.58038e-01    3.63986e+01   -1.98227e+03    5.48980e+03   -1.70251e+02
   Coul. recip.      Potential Pressure (bar)
    4.06857e+02    3.85391e+03    3.04703e+04

           Step           Time
              2        2.00000

   Energies (kJ/mol)
           Bond        G96Bond          Angle       G96Angle    Proper Dih.
    3.06348e+02    4.29628e+00    6.79517e+01    1.04688e+01    5.69933e-01
  Improper Dih.          LJ-14     Coulomb-14        LJ (SR)   Coulomb (SR)
    9.59340e-01    3.62639e+01   -1.98399e+03    3.11583e+03   -3.13754e+02
   Coul. recip.      Potential Pressure (bar)
    4.00156e+02    1.64509e+03    1.94166e+04

           Step           Time
              3        3.00000

   Energies (kJ/mol)
           Bond        G96Bond          Angle       G96Angle    Proper Dih.
    4.34278e+02    1.69218e+01    1.83652e+02    1.16814e+01    1.09059e+00
  Improper Dih.          LJ-14     Coulomb-14        LJ (SR)   Coulomb (SR)
    2.36281e+00    3.82473e+01   -1.99046e+03    1.60440e+03   -5.86820e+02
   Coul. recip.      Potential Pressure (bar)
    3.86719e+02    1.02080e+02    1.08407e+04

           Step           Time
              4        4.00000

   Energies (kJ/mol)
           Bond        G96Bond          Angle       G96Angle    Proper Dih.
    5.75752e+02    4.93775e+01    6.46789e+01    1.74453e+01    1.88600e+00
  Improper Dih.          LJ-14     Coulomb-14        LJ (SR)   Coulomb (SR)
    3.29313e+00    3.64375e+01   -1.99274e+03    1.46464e+03   -6.82500e+02
   Coul. recip.      Potential Pressure (bar)
    3.84117e+02   -7.76117e+01    7.12037e+03

           Step           Time
              5        5.00000

   Energies (kJ/mol)
           Bond        G96Bond          Angle       G96Angle    Proper Dih.
    3.20173e+02    1.36307e+02    1.47138e+02    1.66504e+01    2.10690e+00
  Improper Dih.          LJ-14     Coulomb-14        LJ (SR)   Coulomb (SR)
    2.63772e+00    3.71344e+01   -1.99382e+03    8.89736e+02   -8.85282e+02
   Coul. recip.      Potential Pressure (bar)
    3.70515e+02   -9.56704e+02    5.75584e+03

           Step           Time
              6        6.00000

   Energies (kJ/mol)
           Bond        G96Bond          Angle       G96Angle    Proper Dih.
    5.39917e+01    3.78047e+02    1.13612e+02    4.78574e+01    2.58158e+00
  Improper Dih.          LJ-14     Coulomb-14        LJ (SR)   Coulomb (SR)
    3.70531e+00    3.86636e+01   -2.00004e+03    9.28523e+02   -9.18659e+02
   Coul. recip.      Potential Pressure (bar)
    3.60066e+02   -9.91654e+02    5.72110e+03

           Step           Time
              7        7.00000

   Energies (kJ/mol)
           Bond        G96Bond          Angle       G96Angle    Proper Dih.
    6.08102e+01    3.61804e+02    1.12758e+02    3.62118e+01    2.66512e+00
  Improper Dih.          LJ-14     Coulomb-14        LJ (SR)   Coulomb (SR)
    2.52541e+00    3.88645e+01   -1.99883e+03    8.08262e+02   -9.81830e+02
   Coul. recip.      Potential Pressure (bar)
    3.63179e+02   -1.19357e+03    5.00383e+03

           Step           Time
              8        8.00000

           Step           Time
              9        9.00000

   Energies (kJ/mol)
           Bond        G96Bond          Angle       G96Angle    Proper Dih.
    5.17145e+01    5.53749e+01    1.09939e+02    1.47429e+01    2.92107e+00
  Improper Dih.          LJ-14     Coulomb-14        LJ (SR)   Coulomb (SR)
    3.03926e+00    3.84023e+01   -2.00226e+03    7.90115e+02   -1.01296e+03
   Coul. recip.      Potential Pressure (bar)
    3.55220e+02   -1.59375e+03    5.74569e+03

           Step           Time
             10       10.00000

           Step           Time
             11       11.00000

   Energies (kJ/mol)
           Bond        G96Bond          Angle       G96Angle    Proper Dih.
    4.70089e+01    5.23797e+01    1.05929e+02    1.28131e+01    3.10736e+00
  Improper Dih.          LJ-14     Coulomb-14        LJ (SR)   Coulomb (SR)
    2.89815e+00    3.46919e+01   -1.99481e+03    7.42943e+02   -1.06492e+03
   Coul. recip.      Potential Pressure (bar)
    3.53561e+02   -1.70439e+03    4.96122e+03

           Step           Time
             12       12.00000

   Energies (kJ/mol)
           Bond        G96Bond          Angle       G96Angle    Proper Dih.
    4.61318e+01    6.34622e+01    1.03132e+02    1.89559e+01    3.45313e+00
  Improper Dih.          LJ-14     Coulomb-14        LJ (SR)   Coulomb (SR)
    3.29967e+00    3.72037e+01   -2.00019e+03    7.06225e+02   -1.11167e+03
   Coul. recip.      Potential Pressure (bar)
    3.46491e+02   -1.78351e+03    5.00687e+03

           Step           Time
             13       13.00000

   Energies (kJ/mol)
           Bond        G96Bond          Angle       G96Angle    Proper Dih.
    4.46705e+01    1.14635e+02    1.00389e+02    1.53870e+01    3.64436e+00
  Improper Dih.          LJ-14     Coulomb-14        LJ (SR)   Coulomb (SR)
    2.89243e+00    3.33649e+01   -1.99308e+03    6.62759e+02   -1.16570e+03
   Coul. recip.      Potential Pressure (bar)
    3.45859e+02   -1.83518e+03    4.14501e+03

           Step           Time
             14       14.00000

   Energies (kJ/mol)
           Bond        G96Bond          Angle       G96Angle    Proper Dih.
    4.38140e+01    1.14991e+02    9.87836e+01    2.42626e+01    4.01879e+00
  Improper Dih.          LJ-14     Coulomb-14        LJ (SR)   Coulomb (SR)
    3.36310e+00    3.77205e+01   -2.00213e+03    6.37992e+02   -1.20565e+03
   Coul. recip.      Potential Pressure (bar)
    3.37756e+02   -1.90508e+03    4.50972e+03

           Step           Time
             15       15.00000

           Step           Time
             16       16.00000

   Energies (kJ/mol)
           Bond        G96Bond          Angle       G96Angle    Proper Dih.
    4.32543e+01    1.22820e+01    9.77728e+01    1.13220e+01    4.10714e+00
  Improper Dih.          LJ-14     Coulomb-14        LJ (SR)   Coulomb (SR)
    3.03738e+00    3.46832e+01   -1.99713e+03    6.18830e+02   -1.23262e+03
   Coul. recip.      Potential Pressure (bar)
    3.38090e+02   -2.06637e+03    4.28431e+03

           Step           Time
             17       17.00000

   Energies (kJ/mol)
           Bond        G96Bond          Angle       G96Angle    Proper Dih.
    4.29404e+01    1.53240e+02    9.58744e+01    3.93996e+01    5.33741e+00
  Improper Dih.          LJ-14     Coulomb-14        LJ (SR)   Coulomb (SR)
    3.53407e+00    3.61972e+01   -2.00007e+03    5.22660e+02   -1.40748e+03
   Coul. recip.      Potential Pressure (bar)
    3.20043e+02   -2.18833e+03    3.22394e+03

           Step           Time
             18       18.00000

   Energies (kJ/mol)
           Bond        G96Bond          Angle       G96Angle    Proper Dih.
    4.12142e+01    5.27580e+01    9.48832e+01    1.09751e+01    5.48996e+00
  Improper Dih.          LJ-14     Coulomb-14        LJ (SR)   Coulomb (SR)
    3.03170e+00    3.29600e+01   -1.99503e+03    5.07071e+02   -1.43439e+03
   Coul. recip.      Potential Pressure (bar)
    3.21935e+02   -2.35910e+03    3.13200e+03

           Step           Time
             19       19.00000

           Step           Time
             20       20.00000

   Energies (kJ/mol)
           Bond        G96Bond          Angle       G96Angle    Proper Dih.
    4.05211e+01    3.31809e+01    9.43135e+01    1.91324e+01    5.74325e+00
  Improper Dih.          LJ-14     Coulomb-14        LJ (SR)   Coulomb (SR)
    3.16847e+00    3.50395e+01   -1.99969e+03    4.95386e+02   -1.46572e+03
   Coul. recip.      Potential Pressure (bar)
    3.16101e+02   -2.42282e+03    3.38597e+03

           Step           Time
             21       21.00000

   Energies (kJ/mol)
           Bond        G96Bond          Angle       G96Angle    Proper Dih.
    4.00677e+01    9.56083e+01    9.37241e+01    1.20968e+01    6.09364e+00
  Improper Dih.          LJ-14     Coulomb-14        LJ (SR)   Coulomb (SR)
    2.92715e+00    3.22529e+01   -1.99420e+03    4.73799e+02   -1.51500e+03
   Coul. recip.      Potential Pressure (bar)
    3.15372e+02   -2.43726e+03    2.75831e+03

           Step           Time
             22       22.00000

   Energies (kJ/mol)
           Bond        G96Bond          Angle       G96Angle    Proper Dih.
    3.99452e+01    6.48765e+01    9.35089e+01    2.32635e+01    6.35165e+00
  Improper Dih.          LJ-14     Coulomb-14        LJ (SR)   Coulomb (SR)
    3.11638e+00    3.56226e+01   -2.00137e+03    4.64444e+02   -1.54589e+03
   Coul. recip.      Potential Pressure (bar)
    3.08436e+02   -2.50770e+03    3.15451e+03

           Step           Time
             23       23.00000

           Step           Time
             24       24.00000

   Energies (kJ/mol)
           Bond        G96Bond          Angle       G96Angle    Proper Dih.
    3.98352e+01    1.37296e+01    9.33221e+01    1.16016e+01    6.52297e+00
  Improper Dih.          LJ-14     Coulomb-14        LJ (SR)   Coulomb (SR)
    2.95767e+00    3.33112e+01   -1.99727e+03    4.54902e+02   -1.56955e+03
   Coul. recip.      Potential Pressure (bar)
    3.08855e+02   -2.60178e+03    2.93635e+03

           Step           Time
             25       25.00000

   Energies (kJ/mol)
           Bond        G96Bond          Angle       G96Angle    Proper Dih.
    4.02315e+01    9.69364e+01    9.34097e+01    3.06351e+01    7.25633e+00
  Improper Dih.          LJ-14     Coulomb-14        LJ (SR)   Coulomb (SR)
    3.07338e+00    3.51895e+01   -2.00081e+03    4.25426e+02   -1.66543e+03
   Coul. recip.      Potential Pressure (bar)
    2.97681e+02   -2.63640e+03    2.62497e+03

           Step           Time
             26       26.00000

   Energies (kJ/mol)
           Bond        G96Bond          Angle       G96Angle    Proper Dih.
    3.98348e+01    4.16950e+01    9.31926e+01    1.09310e+01    7.50932e+00
  Improper Dih.          LJ-14     Coulomb-14        LJ (SR)   Coulomb (SR)
    2.88611e+00    3.24824e+01   -1.99610e+03    4.15844e+02   -1.69136e+03
   Coul. recip.      Potential Pressure (bar)
    2.99339e+02   -2.74374e+03    2.40831e+03

           Step           Time
             27       27.00000

           Step           Time
             28       28.00000

   Energies (kJ/mol)
           Bond        G96Bond          Angle       G96Angle    Proper Dih.
    3.97522e+01    2.15250e+01    9.31454e+01    1.80994e+01    7.69145e+00
  Improper Dih.          LJ-14     Coulomb-14        LJ (SR)   Coulomb (SR)
    2.93433e+00    3.39574e+01   -1.99938e+03    4.09531e+02   -1.71876e+03
   Coul. recip.      Potential Pressure (bar)
    2.94492e+02   -2.79702e+03    2.57993e+03

           Step           Time
             29       29.00000

   Energies (kJ/mol)
           Bond        G96Bond          Angle       G96Angle    Proper Dih.
    3.97966e+01    7.21057e+01    9.31623e+01    1.11440e+01    8.11691e+00
  Improper Dih.          LJ-14     Coulomb-14        LJ (SR)   Coulomb (SR)
    2.84260e+00    3.18065e+01   -1.99493e+03    3.95798e+02   -1.76642e+03
   Coul. recip.      Potential Pressure (bar)
    2.93557e+02   -2.81302e+03    2.07084e+03

           Step           Time
             30       30.00000

   Energies (kJ/mol)
           Bond        G96Bond          Angle       G96Angle    Proper Dih.
    3.98334e+01    3.96935e+01    9.32068e+01    2.13435e+01    8.27726e+00
  Improper Dih.          LJ-14     Coulomb-14        LJ (SR)   Coulomb (SR)
    2.89883e+00    3.42995e+01   -2.00039e+03    3.90724e+02   -1.79335e+03
   Coul. recip.      Potential Pressure (bar)
    2.87717e+02   -2.87574e+03    2.39524e+03

           Step           Time
             31       31.00000

           Step           Time
             32       32.00000

   Energies (kJ/mol)
           Bond        G96Bond          Angle       G96Angle    Proper Dih.
    3.98460e+01    1.35171e+01    9.32162e+01    1.19670e+01    8.48433e+00
  Improper Dih.          LJ-14     Coulomb-14        LJ (SR)   Coulomb (SR)
    2.83662e+00    3.25619e+01   -1.99715e+03    3.84710e+02   -1.81544e+03
   Coul. recip.      Potential Pressure (bar)
    2.87971e+02   -2.93748e+03    2.19910e+03

           Step           Time
             33       33.00000

   Energies (kJ/mol)
           Bond        G96Bond          Angle       G96Angle    Proper Dih.
    4.03260e+01    5.83226e+01    9.35974e+01    2.54382e+01    8.97626e+00
  Improper Dih.          LJ-14     Coulomb-14        LJ (SR)   Coulomb (SR)
    2.85491e+00    3.40912e+01   -2.00017e+03    3.70522e+02   -1.88510e+03
   Coul. recip.      Potential Pressure (bar)
    2.79758e+02   -2.97138e+03    2.08276e+03

           Step           Time
             34       34.00000

   Energies (kJ/mol)
           Bond        G96Bond          Angle       G96Angle    Proper Dih.
    4.02230e+01    3.19501e+01    9.35902e+01    1.11688e+01    9.25370e+00
  Improper Dih.          LJ-14     Coulomb-14        LJ (SR)   Coulomb (SR)
    2.79763e+00    3.19785e+01   -1.99626e+03    3.64204e+02   -1.90971e+03
   Coul. recip.      Potential Pressure (bar)
    2.80893e+02   -3.03991e+03    1.85686e+03

           Step           Time
             35       35.00000

           Step           Time
             36       36.00000

   Energies (kJ/mol)
           Bond        G96Bond          Angle       G96Angle    Proper Dih.
    4.02894e+01    1.37437e+01    9.36694e+01    1.69410e+01    9.37663e+00
  Improper Dih.          LJ-14     Coulomb-14        LJ (SR)   Coulomb (SR)
    2.79971e+00    3.30990e+01   -1.99878e+03    3.60463e+02   -1.93316e+03
   Coul. recip.      Potential Pressure (bar)
    2.76996e+02   -3.08456e+03    1.99242e+03

           Step           Time
             37       37.00000

   Energies (kJ/mol)
           Bond        G96Bond          Angle       G96Angle    Proper Dih.
    4.05593e+01    5.07950e+01    9.39018e+01    1.09948e+01    9.81638e+00
  Improper Dih.          LJ-14     Coulomb-14        LJ (SR)   Coulomb (SR)
    2.77472e+00    3.14034e+01   -1.99524e+03    3.50627e+02   -1.98193e+03
   Coul. recip.      Potential Pressure (bar)
    2.75482e+02   -3.11081e+03    1.58164e+03

           Step           Time
             38       38.00000

   Energies (kJ/mol)
           Bond        G96Bond          Angle       G96Angle    Proper Dih.
    4.06524e+01    2.32879e+01    9.40071e+01    1.92753e+01    9.91142e+00
  Improper Dih.          LJ-14     Coulomb-14        LJ (SR)   Coulomb (SR)
    2.77442e+00    3.32991e+01   -1.99943e+03    3.47513e+02   -2.00557e+03
   Coul. recip.      Potential Pressure (bar)
    2.70758e+02   -3.16353e+03    1.83722e+03

           Step           Time
             39       39.00000

           Step           Time
             40       40.00000

   Energies (kJ/mol)
           Bond        G96Bond          Angle       G96Angle    Proper Dih.
    4.07323e+01    1.26157e+01    9.40836e+01    1.23655e+01    1.01172e+01
  Improper Dih.          LJ-14     Coulomb-14        LJ (SR)   Coulomb (SR)
    2.75777e+00    3.19815e+01   -1.99690e+03    3.43361e+02   -2.02714e+03
   Coul. recip.      Potential Pressure (bar)
    2.70679e+02   -3.20535e+03    1.66157e+03

           Step           Time
             41       41.00000

   Energies (kJ/mol)
           Bond        G96Bond          Angle       G96Angle    Proper Dih.
    4.11836e+01    3.28771e+01    9.44406e+01    2.15920e+01    1.04330e+01
  Improper Dih.          LJ-14     Coulomb-14        LJ (SR)   Coulomb (SR)
    2.74882e+00    3.32465e+01   -1.99950e+03    3.35682e+02   -2.07992e+03
   Coul. recip.      Potential Pressure (bar)
    2.64562e+02   -3.24266e+03    1.64260e+03

           Step           Time
             42       42.00000

   Energies (kJ/mol)
           Bond        G96Bond          Angle       G96Angle    Proper Dih.
    4.12306e+01    2.37793e+01    9.45189e+01    1.15289e+01    1.06899e+01
  Improper Dih.          LJ-14     Coulomb-14        LJ (SR)   Coulomb (SR)
    2.74303e+00    3.15341e+01   -1.99623e+03    3.31293e+02   -2.10390e+03
   Coul. recip.      Potential Pressure (bar)
    2.65087e+02   -3.28773e+03    1.42125e+03

           Step           Time
             43       43.00000

   Energies (kJ/mol)
           Bond        G96Bond          Angle       G96Angle    Proper Dih.
    4.15480e+01    5.43018e+01    9.47781e+01    2.46835e+01    1.08600e+01
  Improper Dih.          LJ-14     Coulomb-14        LJ (SR)   Coulomb (SR)
    2.72357e+00    3.35394e+01   -2.00031e+03    3.26566e+02   -2.14398e+03
   Coul. recip.      Potential Pressure (bar)
    2.59052e+02   -3.29623e+03    1.50854e+03

           Step           Time
             44       44.00000

   Energies (kJ/mol)
           Bond        G96Bond          Angle       G96Angle    Proper Dih.
    4.16664e+01    4.91305e+01    9.48867e+01    1.10101e+01    1.11788e+01
  Improper Dih.          LJ-14     Coulomb-14        LJ (SR)   Coulomb (SR)
    2.74226e+00    3.11890e+01   -1.99575e+03    3.21941e+02   -2.16957e+03
   Coul. recip.      Potential Pressure (bar)
    2.60619e+02   -3.34095e+03    1.19728e+03

           Step           Time
             45       45.00000

           Step           Time
             46       46.00000

   Energies (kJ/mol)
           Bond        G96Bond          Angle       G96Angle    Proper Dih.
    4.18014e+01    1.08241e+01    9.49951e+01    1.60151e+01    1.11999e+01
  Improper Dih.          LJ-14     Coulomb-14        LJ (SR)   Coulomb (SR)
    2.72024e+00    3.24938e+01   -1.99867e+03    3.20335e+02   -2.18716e+03
   Coul. recip.      Potential Pressure (bar)
    2.57048e+02   -3.39840e+03    1.41549e+03

           Step           Time
             47       47.00000

   Energies (kJ/mol)
           Bond        G96Bond          Angle       G96Angle    Proper Dih.
    4.25560e+01    7.17069e+01    9.55328e+01    1.09235e+01    1.17258e+01
  Improper Dih.          LJ-14     Coulomb-14        LJ (SR)   Coulomb (SR)
    2.74494e+00    3.03679e+01   -1.99407e+03    3.11463e+02   -2.25370e+03
   Coul. recip.      Potential Pressure (bar)
    2.54601e+02   -3.41615e+03    8.55902e+02

           Step           Time
             48       48.00000

   Energies (kJ/mol)
           Bond        G96Bond          Angle       G96Angle    Proper Dih.
    4.25945e+01    1.81770e+01    9.56163e+01    1.85857e+01    1.17163e+01
  Improper Dih.          LJ-14     Coulomb-14        LJ (SR)   Coulomb (SR)
    2.72215e+00    3.26970e+01   -1.99921e+03    3.10151e+02   -2.27174e+03
   Coul. recip.      Potential Pressure (bar)
    2.50159e+02   -3.48852e+03    1.24564e+03

           Step           Time
             49       49.00000

           Step           Time
             50       50.00000

   Energies (kJ/mol)
           Bond        G96Bond          Angle       G96Angle    Proper Dih.
    4.27041e+01    1.81387e+01    9.57251e+01    1.18113e+01    1.19278e+01
  Improper Dih.          LJ-14     Coulomb-14        LJ (SR)   Coulomb (SR)
    2.72617e+00    3.11443e+01   -1.99622e+03    3.07017e+02   -2.29595e+03
   Coul. recip.      Potential Pressure (bar)
    2.50036e+02   -3.52094e+03    1.02604e+03

           Step           Time
             51       51.00000

   Energies (kJ/mol)
           Bond        G96Bond          Angle       G96Angle    Proper Dih.
    4.30236e+01    2.71851e+01    9.59580e+01    2.06921e+01    1.20327e+01
  Improper Dih.          LJ-14     Coulomb-14        LJ (SR)   Coulomb (SR)
    2.71915e+00    3.28711e+01   -1.99964e+03    3.03995e+02   -2.32896e+03
   Coul. recip.      Potential Pressure (bar)
    2.45474e+02   -3.54466e+03    1.14344e+03

           Step           Time
             52       52.00000

   Energies (kJ/mol)
           Bond        G96Bond          Angle       G96Angle    Proper Dih.
    4.32105e+01    3.17697e+01    9.60976e+01    1.10397e+01    1.22838e+01
  Improper Dih.          LJ-14     Coulomb-14        LJ (SR)   Coulomb (SR)
    2.73297e+00    3.07267e+01   -1.99553e+03    3.00756e+02   -2.35447e+03
   Coul. recip.      Potential Pressure (bar)
    2.46068e+02   -3.57532e+03    8.40985e+02

           Step           Time
             53       53.00000

   Energies (kJ/mol)
           Bond        G96Bond          Angle       G96Angle    Proper Dih.
    4.35420e+01    4.66652e+01    9.63279e+01    2.38101e+01    1.23164e+01
  Improper Dih.          LJ-14     Coulomb-14        LJ (SR)   Coulomb (SR)
    2.71722e+00    3.33201e+01   -2.00063e+03    2.98517e+02   -2.38434e+03
   Coul. recip.      Potential Pressure (bar)
    2.40841e+02   -3.58692e+03    1.05095e+03

           Step           Time
             54       54.00000

   Energies (kJ/mol)
           Bond        G96Bond          Angle       G96Angle    Proper Dih.
    4.37443e+01    6.01300e+01    9.64730e+01    1.06407e+01    1.26234e+01
  Improper Dih.          LJ-14     Coulomb-14        LJ (SR)   Coulomb (SR)
    2.74779e+00    3.02796e+01   -1.99480e+03    2.95171e+02   -2.41043e+03
   Coul. recip.      Potential Pressure (bar)
    2.42535e+02   -3.61088e+03    6.27348e+02

           Step           Time
             55       55.00000

           Step           Time
             56       56.00000

   Energies (kJ/mol)
           Bond        G96Bond          Angle       G96Angle    Proper Dih.
    4.38932e+01    9.19751e+00    9.65790e+01    1.52713e+01    1.25867e+01
  Improper Dih.          LJ-14     Coulomb-14        LJ (SR)   Coulomb (SR)
    2.73154e+00    3.20320e+01   -1.99852e+03    2.94375e+02   -2.42445e+03
   Coul. recip.      Potential Pressure (bar)
    2.39245e+02   -3.67706e+03    9.29047e+02

           Step           Time
             57       57.00000

   Energies (kJ/mol)
           Bond        G96Bond          Angle       G96Angle    Proper Dih.
    4.54503e+01    8.52863e+01    9.75776e+01    1.07006e+01    1.31365e+01
  Improper Dih.          LJ-14     Coulomb-14        LJ (SR)   Coulomb (SR)
    2.77102e+00    2.92895e+01   -1.99260e+03    2.86029e+02   -2.51596e+03
   Coul. recip.      Potential Pressure (bar)
    2.35195e+02   -3.70313e+03    1.99849e+02

           Step           Time
             58       58.00000

   Energies (kJ/mol)
           Bond        G96Bond          Angle       G96Angle    Proper Dih.
    4.53175e+01    1.40978e+01    9.75951e+01    1.79476e+01    1.30753e+01
  Improper Dih.          LJ-14     Coulomb-14        LJ (SR)   Coulomb (SR)
    2.76204e+00    3.21538e+01   -1.99875e+03    2.85429e+02   -2.52987e+03
   Coul. recip.      Potential Pressure (bar)
    2.31147e+02   -3.78909e+03    7.09233e+02

           Step           Time
             59       59.00000

           Step           Time
             60       60.00000

   Energies (kJ/mol)
           Bond        G96Bond          Angle       G96Angle    Proper Dih.
    4.53120e+01    2.24387e+01    9.76757e+01    1.15440e+01    1.32581e+01
  Improper Dih.          LJ-14     Coulomb-14        LJ (SR)   Coulomb (SR)
    2.76877e+00    3.04391e+01   -1.99556e+03    2.83085e+02   -2.55580e+03
   Coul. recip.      Potential Pressure (bar)
    2.30845e+02   -3.81399e+03    4.75453e+02

           Step           Time
             61       61.00000

   Energies (kJ/mol)
           Bond        G96Bond          Angle       G96Angle    Proper Dih.
    4.55788e+01    2.22996e+01    9.78576e+01    1.96475e+01    1.32733e+01
  Improper Dih.          LJ-14     Coulomb-14        LJ (SR)   Coulomb (SR)
    2.77319e+00    3.24876e+01   -1.99952e+03    2.81625e+02   -2.57981e+03
   Coul. recip.      Potential Pressure (bar)
    2.27117e+02   -3.83667e+03    6.69312e+02

           Step           Time
             62       62.00000

   Energies (kJ/mol)
           Bond        G96Bond          Angle       G96Angle    Proper Dih.
    4.58501e+01    3.71026e+01    9.80312e+01    1.08858e+01    1.34811e+01
  Improper Dih.          LJ-14     Coulomb-14        LJ (SR)   Coulomb (SR)
    2.78558e+00    3.00263e+01   -1.99488e+03    2.79304e+02   -2.60575e+03
   Coul. recip.      Potential Pressure (bar)
    2.27604e+02   -3.85556e+03    3.15679e+02

           Step           Time
             63       63.00000

   Energies (kJ/mol)
           Bond        G96Bond          Angle       G96Angle    Proper Dih.
    4.61581e+01    3.97132e+01    9.82312e+01    2.25260e+01    1.34471e+01
  Improper Dih.          LJ-14     Coulomb-14        LJ (SR)   Coulomb (SR)
    2.78817e+00    3.30347e+01   -2.00062e+03    2.78141e+02   -2.62910e+03
   Coul. recip.      Potential Pressure (bar)
    2.23095e+02   -3.87258e+03    6.08364e+02

           Step           Time
             64       64.00000

   Energies (kJ/mol)
           Bond        G96Bond          Angle       G96Angle    Proper Dih.
    4.64291e+01    6.63430e+01    9.84024e+01    1.06755e+01    1.36990e+01
  Improper Dih.          LJ-14     Coulomb-14        LJ (SR)   Coulomb (SR)
    2.80687e+00    2.95191e+01   -1.99401e+03    2.75804e+02   -2.65458e+03
   Coul. recip.      Potential Pressure (bar)
    2.24661e+02   -3.88025e+03    1.14197e+02

           Step           Time
             65       65.00000

   Energies (kJ/mol)
           Bond        G96Bond          Angle       G96Angle    Proper Dih.
    4.67540e+01    7.68061e+01    9.86149e+01    2.72702e+01    1.35980e+01
  Improper Dih.          LJ-14     Coulomb-14        LJ (SR)   Coulomb (SR)
    2.80547e+00    3.39731e+01   -2.00238e+03    2.74974e+02   -2.67727e+03
   Coul. recip.      Potential Pressure (bar)
    2.18987e+02   -3.88587e+03    5.45901e+02

           Step           Time
             66       66.00000

           Step           Time
             67       67.00000

   Energies (kJ/mol)
           Bond        G96Bond          Angle       G96Angle    Proper Dih.
    4.68602e+01    9.57941e+00    9.86862e+01    1.28455e+01    1.37471e+01
  Improper Dih.          LJ-14     Coulomb-14        LJ (SR)   Coulomb (SR)
    2.81778e+00    3.12090e+01   -1.99764e+03    2.73737e+02   -2.68986e+03
   Coul. recip.      Potential Pressure (bar)
    2.20421e+02   -3.97760e+03    3.87385e+02


Steepest Descents converged to Fmax < 1000 in 68 steps
Potential Energy  = -3.9776016e+03
Maximum force     =  9.4052356e+02 on atom 19
Norm of force     =  1.8704370e+02
Finished mdrun on rank 0 Thu Aug 14 09:34:41 2025

