                      :-) GROMACS - gmx mdrun, 2024.2 (-:

Copyright 1991-2024 The GROMACS Authors.
GROMACS is free software; you can redistribute it and/or modify it
under the terms of the GNU Lesser General Public License
as published by the Free Software Foundation; either version 2.1
of the License, or (at your option) any later version.

                         Current GROMACS contributors:
       Mark Abraham           Andrey Alekseenko           Vladimir Basov      
      Cathrine Bergh            Eliane Briand               Ania Brown        
      Mahesh Doijade            Giacomo Fiorin          Stefan Fleischmann    
      Sergey Gorelov         Gilles Gouaillardet            Alan Gray         
     M. Eric Irrgang         Farzaneh Jalalypour            Joe Jordan        
     Carsten Kutzner           Justin A. Lemkul          Magnus Lundborg      
       Pascal Merz              Vedran Miletic            Dmitry Morozov      
       Julien Nabet              Szilard Pall        Andrea Pasquadibisceglie 
    Michele Pellegrino          Hubert Santuz             Roland Schulz       
     Tatiana Shugaeva          Alexey Shvetsov            Philip Turner       
     Alessandra Villa      Sebastian Wingbermuehle  

                         Previous GROMACS contributors:
        Emile Apol             Rossen Apostolov           James Barnett       
        Paul Bauer          Herman J.C. Berendsen          Par Bjelkmar       
      Christian Blau          Viacheslav Bolnykh            Kevin Boyd        
    Aldert van Buuren          Carlo Camilloni           Rudi van Drunen      
      Anton Feenstra           Oliver Fleetwood            Vytas Gapsys       
       Gaurav Garg             Gerrit Groenhof            Bert de Groot       
      Anca Hamuraru           Vincent Hindriksen          Victor Holanda      
     Aleksei Iupinov          Christoph Junghans        Prashanth Kanduri     
   Dimitrios Karkoulis           Peter Kasson             Sebastian Kehl      
     Sebastian Keller             Jiri Kraus               Per Larsson        
      Viveca Lindahl            Erik Marklund           Pieter Meulenhoff     
      Teemu Murtola              Sander Pronk             Michael Shirts      
      Alfons Sijbers            Balint Soproni         David van der Spoel    
      Peter Tieleman            Carsten Uphoff             Jon Vincent        
     Teemu Virolainen         Christian Wennberg           Maarten Wolf       
      Artem Zhmurov       

                  Coordinated by the GROMACS project leaders:
                           Berk Hess and Erik Lindahl

GROMACS:      gmx mdrun, version 2024.2
Executable:   /usr/local/gromacs/bin/gmx
Data prefix:  /usr/local/gromacs
Working dir:  /home/ricardo/dropbox_local/protocolo_filmes/casting_md/example/chitosan/4_md
Process ID:   92814
Command line:
  gmx mdrun -deffnm step5_nvt -v

GROMACS version:     2024.2
Precision:           mixed
Memory model:        64 bit
MPI library:         thread_mpi
OpenMP support:      enabled (GMX_OPENMP_MAX_THREADS = 128)
GPU support:         CUDA
NBNxM GPU setup:     super-cluster 2x2x2 / cluster 8
SIMD instructions:   AVX2_256
CPU FFT library:     fftw-3.3.8-sse2-avx
GPU FFT library:     cuFFT
Multi-GPU FFT:       none
RDTSCP usage:        enabled
TNG support:         enabled
Hwloc support:       disabled
Tracing support:     disabled
C compiler:          /usr/bin/gcc-9 GNU 9.5.0
C compiler flags:    -fexcess-precision=fast -funroll-all-loops -mavx2 -mfma -Wno-missing-field-initializers -O3 -DNDEBUG
C++ compiler:        /usr/bin/c++ GNU 11.4.0
C++ compiler flags:  -fexcess-precision=fast -funroll-all-loops -mavx2 -mfma -Wno-missing-field-initializers -Wno-cast-function-type-strict -fopenmp -O3 -DNDEBUG
BLAS library:        External - detected on the system
LAPACK library:      External - detected on the system
CUDA compiler:       /usr/bin/nvcc nvcc: NVIDIA (R) Cuda compiler driver;Copyright (c) 2005-2021 NVIDIA Corporation;Built on Thu_Nov_18_09:45:30_PST_2021;Cuda compilation tools, release 11.5, V11.5.119;Build cuda_11.5.r11.5/compiler.30672275_0
CUDA compiler flags:-std=c++17;;-D_FORCE_INLINES;-Xcompiler;-fopenmp;-fexcess-precision=fast -funroll-all-loops -mavx2 -mfma -Wno-missing-field-initializers -Wno-cast-function-type-strict -fopenmp -O3 -DNDEBUG
CUDA driver:         12.70
CUDA runtime:        11.50


Running on 1 node with total 6 cores, 12 processing units, 1 compatible GPU
Hardware detected on host pop-os:
  CPU info:
    Vendor: Intel
    Brand:  11th Gen Intel(R) Core(TM) i5-11400H @ 2.70GHz
    Family: 6   Model: 141   Stepping: 1
    Features: aes apic avx avx2 avx512f avx512cd avx512bw avx512vl avx512secondFMA clfsh cmov cx8 cx16 f16c fma htt intel lahf mmx msr nonstop_tsc pcid pclmuldq pdcm pdpe1gb popcnt pse rdrnd rdtscp sha sse2 sse3 sse4.1 sse4.2 ssse3 tdt x2apic
    Number of AVX-512 FMA units: 1 (For Intel, AVX2 is faster w/o 2 AVX-512 FMA units)
  Hardware topology: Basic
    Packages, cores, and logical processors:
    [indices refer to OS logical processors]
      Package  0: [   0   6] [   1   7] [   2   8] [   3   9] [   4  10] [   5  11]
    CPU limit set by OS: -1   Recommended max number of threads: 12
  GPU info:
    Number of GPUs detected: 1
    #0: NVIDIA NVIDIA GeForce RTX 3050 Laptop GPU, compute cap.: 8.6, ECC:  no, stat: compatible


++++ PLEASE READ AND CITE THE FOLLOWING REFERENCE ++++
M. J. Abraham, T. Murtola, R. Schulz, S. Páll, J. C. Smith, B. Hess, E.
Lindahl
GROMACS: High performance molecular simulations through multi-level
parallelism from laptops to supercomputers
SoftwareX 1 (2015) pp. 19-25
-------- -------- --- Thank You --- -------- --------


++++ PLEASE READ AND CITE THE FOLLOWING REFERENCE ++++
S. Páll, M. J. Abraham, C. Kutzner, B. Hess, E. Lindahl
Tackling Exascale Software Challenges in Molecular Dynamics Simulations with
GROMACS
In S. Markidis & E. Laure (Eds.), Solving Software Challenges for Exascale 8759 (2015) pp. 3-27
-------- -------- --- Thank You --- -------- --------


++++ PLEASE READ AND CITE THE FOLLOWING REFERENCE ++++
S. Pronk, S. Páll, R. Schulz, P. Larsson, P. Bjelkmar, R. Apostolov, M. R.
Shirts, J. C. Smith, P. M. Kasson, D. van der Spoel, B. Hess, and E. Lindahl
GROMACS 4.5: a high-throughput and highly parallel open source molecular
simulation toolkit
Bioinformatics 29 (2013) pp. 845-54
-------- -------- --- Thank You --- -------- --------


++++ PLEASE READ AND CITE THE FOLLOWING REFERENCE ++++
B. Hess and C. Kutzner and D. van der Spoel and E. Lindahl
GROMACS 4: Algorithms for highly efficient, load-balanced, and scalable
molecular simulation
J. Chem. Theory Comput. 4 (2008) pp. 435-447
-------- -------- --- Thank You --- -------- --------


++++ PLEASE READ AND CITE THE FOLLOWING REFERENCE ++++
D. van der Spoel, E. Lindahl, B. Hess, G. Groenhof, A. E. Mark and H. J. C.
Berendsen
GROMACS: Fast, Flexible and Free
J. Comp. Chem. 26 (2005) pp. 1701-1719
-------- -------- --- Thank You --- -------- --------


++++ PLEASE READ AND CITE THE FOLLOWING REFERENCE ++++
E. Lindahl and B. Hess and D. van der Spoel
GROMACS 3.0: A package for molecular simulation and trajectory analysis
J. Mol. Mod. 7 (2001) pp. 306-317
-------- -------- --- Thank You --- -------- --------


++++ PLEASE READ AND CITE THE FOLLOWING REFERENCE ++++
H. J. C. Berendsen, D. van der Spoel and R. van Drunen
GROMACS: A message-passing parallel molecular dynamics implementation
Comp. Phys. Comm. 91 (1995) pp. 43-56
-------- -------- --- Thank You --- -------- --------


++++ PLEASE CITE THE DOI FOR THIS VERSION OF GROMACS ++++
https://doi.org/10.5281/zenodo.11148655
-------- -------- --- Thank You --- -------- --------

Input Parameters:
   integrator                     = md
   tinit                          = 0
   dt                             = 0.001
   nsteps                         = 100000
   init-step                      = 0
   simulation-part                = 1
   mts                            = false
   mass-repartition-factor        = 1
   comm-mode                      = Linear
   nstcomm                        = 100
   bd-fric                        = 0
   ld-seed                        = -14266386
   emtol                          = 10
   emstep                         = 0.01
   niter                          = 20
   fcstep                         = 0
   nstcgsteep                     = 1000
   nbfgscorr                      = 10
   rtpi                           = 0.05
   nstxout                        = 0
   nstvout                        = 0
   nstfout                        = 0
   nstlog                         = 1000
   nstcalcenergy                  = 100
   nstenergy                      = 1000
   nstxout-compressed             = 1000
   compressed-x-precision         = 1000
   cutoff-scheme                  = Verlet
   nstlist                        = 10
   pbc                            = xyz
   periodic-molecules             = false
   verlet-buffer-tolerance        = 0.005
   verlet-buffer-pressure-tolerance = 0.5
   rlist                          = 1.2
   coulombtype                    = PME
   coulomb-modifier               = Potential-shift
   rcoulomb-switch                = 0
   rcoulomb                       = 1.2
   epsilon-r                      = 1
   epsilon-rf                     = inf
   vdw-type                       = Cut-off
   vdw-modifier                   = Force-switch
   rvdw-switch                    = 1
   rvdw                           = 1.2
   DispCorr                       = No
   table-extension                = 1
   fourierspacing                 = 0.16
   fourier-nx                     = 64
   fourier-ny                     = 64
   fourier-nz                     = 28
   pme-order                      = 4
   ewald-rtol                     = 1e-05
   ewald-rtol-lj                  = 0.001
   lj-pme-comb-rule               = Geometric
   ewald-geometry                 = 3d
   epsilon-surface                = 0
   ensemble-temperature-setting   = constant
   ensemble-temperature           = 300
   tcoupl                         = V-rescale
   nsttcouple                     = 100
   nh-chain-length                = 0
   print-nose-hoover-chain-variables = false
   pcoupl                         = No
   refcoord-scaling               = No
   posres-com (3):
      posres-com[0]= 0.00000e+00
      posres-com[1]= 0.00000e+00
      posres-com[2]= 0.00000e+00
   posres-comB (3):
      posres-comB[0]= 0.00000e+00
      posres-comB[1]= 0.00000e+00
      posres-comB[2]= 0.00000e+00
   QMMM                           = false
qm-opts:
   ngQM                           = 0
   constraint-algorithm           = Lincs
   continuation                   = true
   Shake-SOR                      = false
   shake-tol                      = 0.0001
   lincs-order                    = 4
   lincs-iter                     = 1
   lincs-warnangle                = 30
   nwall                          = 0
   wall-type                      = 9-3
   wall-r-linpot                  = -1
   wall-atomtype[0]               = -1
   wall-atomtype[1]               = -1
   wall-density[0]                = 0
   wall-density[1]                = 0
   wall-ewald-zfac                = 3
   pull                           = false
   awh                            = false
   rotation                       = false
   interactiveMD                  = false
   disre                          = No
   disre-weighting                = Conservative
   disre-mixed                    = false
   dr-fc                          = 1000
   dr-tau                         = 0
   nstdisreout                    = 100
   orire-fc                       = 0
   orire-tau                      = 0
   nstorireout                    = 100
   free-energy                    = no
   cos-acceleration               = 0
   deform (3x3):
      deform[    0]={ 0.00000e+00,  0.00000e+00,  0.00000e+00}
      deform[    1]={ 0.00000e+00,  0.00000e+00,  0.00000e+00}
      deform[    2]={ 0.00000e+00,  0.00000e+00,  0.00000e+00}
   simulated-tempering            = false
   swapcoords                     = no
   userint1                       = 0
   userint2                       = 0
   userint3                       = 0
   userint4                       = 0
   userreal1                      = 0
   userreal2                      = 0
   userreal3                      = 0
   userreal4                      = 0
   applied-forces:
     electric-field:
       x:
         E0                       = 0
         omega                    = 0
         t0                       = 0
         sigma                    = 0
       y:
         E0                       = 0
         omega                    = 0
         t0                       = 0
         sigma                    = 0
       z:
         E0                       = 0
         omega                    = 0
         t0                       = 0
         sigma                    = 0
     density-guided-simulation:
       active                     = false
       group                      = protein
       similarity-measure         = inner-product
       atom-spreading-weight      = unity
       force-constant             = 1e+09
       gaussian-transform-spreading-width = 0.2
       gaussian-transform-spreading-range-in-multiples-of-width = 4
       reference-density-filename = reference.mrc
       nst                        = 1
       normalize-densities        = true
       adaptive-force-scaling     = false
       adaptive-force-scaling-time-constant = 4
       shift-vector               = 
       transformation-matrix      = 
     qmmm-cp2k:
       active                     = false
       qmgroup                    = System
       qmmethod                   = PBE
       qmfilenames                = 
       qmcharge                   = 0
       qmmultiplicity             = 1
     colvars:
       active                     = false
       configfile                 = 
       seed                       = -1
grpopts:
   nrdf:       71215
   ref-t:         300
   tau-t:           1
annealing:          No
annealing-npoints:           0
   acc:	           0           0           0
   nfreeze:           N           N           N
   energygrp-flags[  0]: 0

Changing nstlist from 10 to 100, rlist from 1.2 to 1.257

When checking whether update groups are usable:
  Domain decomposition is not active, so there is no need for update groups
1 GPU selected for this run.
Mapping of GPU IDs to the 2 GPU tasks in the 1 rank on this node:
  PP:0,PME:0
PP tasks will do (non-perturbed) short-ranged interactions on the GPU
PP task will update and constrain coordinates on the GPU
PME tasks will do all aspects on the GPU
Using 1 MPI thread
Using 6 OpenMP threads 

System total charge: 0.000
Will do PME sum in reciprocal space for electrostatic interactions.

++++ PLEASE READ AND CITE THE FOLLOWING REFERENCE ++++
U. Essmann, L. Perera, M. L. Berkowitz, T. Darden, H. Lee and L. G. Pedersen 
A smooth particle mesh Ewald method
J. Chem. Phys. 103 (1995) pp. 8577-8592
-------- -------- --- Thank You --- -------- --------

Using a Gaussian width (1/beta) of 0.384195 nm for Ewald
Potential shift: LJ r^-12: -2.648e-01 r^-6: -5.349e-01, Ewald -8.333e-06
Initialized non-bonded Coulomb Ewald tables, spacing: 1.02e-03 size: 1176

Generated table with 1128 data points for 1-4 COUL.
Tabscale = 500 points/nm
Generated table with 1128 data points for 1-4 LJ6.
Tabscale = 500 points/nm
Generated table with 1128 data points for 1-4 LJ12.
Tabscale = 500 points/nm


Using GPU 8x8 nonbonded short-range kernels

Using a dual 8x8 pair-list setup updated with dynamic, rolling pruning:
  outer list: updated every 100 steps, buffer 0.057 nm, rlist 1.257 nm
  inner list: updated every  42 steps, buffer 0.003 nm, rlist 1.203 nm
At tolerance 0.005 kJ/mol/ps per atom, equivalent classical 1x1 list would be:
  outer list: updated every 100 steps, buffer 0.196 nm, rlist 1.396 nm
  inner list: updated every  42 steps, buffer 0.086 nm, rlist 1.286 nm

The average pressure is off by at most 0.27 bar due to missing LJ interactions

Pinning threads with an auto-selected logical cpu stride of 2

Initializing LINear Constraint Solver

++++ PLEASE READ AND CITE THE FOLLOWING REFERENCE ++++
B. Hess and H. Bekker and H. J. C. Berendsen and J. G. E. M. Fraaije
LINCS: A Linear Constraint Solver for molecular simulations
J. Comp. Chem. 18 (1997) pp. 1463-1472
-------- -------- --- Thank You --- -------- --------

The number of constraints is 5288

++++ PLEASE READ AND CITE THE FOLLOWING REFERENCE ++++
S. Miyamoto and P. A. Kollman
SETTLE: An Analytical Version of the SHAKE and RATTLE Algorithms for Rigid
Water Models
J. Comp. Chem. 13 (1992) pp. 952-962
-------- -------- --- Thank You --- -------- --------


++++ PLEASE READ AND CITE THE FOLLOWING REFERENCE ++++
G. Bussi, D. Donadio and M. Parrinello
Canonical sampling through velocity rescaling
J. Chem. Phys. 126 (2007) pp. 014101
-------- -------- --- Thank You --- -------- --------

There are: 32655 Atoms

Updating coordinates and applying constraints on the GPU.
Center of mass motion removal mode is Linear
We have the following groups for center of mass motion removal:
  0:  rest

Started mdrun on rank 0 Fri Aug 15 18:21:25 2025

           Step           Time
              0        0.00000

   Energies (kJ/mol)
        G96Bond       G96Angle    Proper Dih.  Improper Dih.          LJ-14
    3.60271e+03    5.23226e+03    2.64037e+03    6.10992e+02    1.15021e+04
     Coulomb-14        LJ (SR)   Coulomb (SR)   Coul. recip.      Potential
   -4.91277e+04    4.22752e+04   -4.45718e+05    1.50872e+03   -4.27473e+05
    Kinetic En.   Total Energy  Conserved En.    Temperature Pressure (bar)
    1.68245e+03   -4.25791e+05   -4.25791e+05    5.68284e+00   -4.29465e+03
   Constr. rmsd
    0.00000e+00

           Step           Time
           1000        1.00000

   Energies (kJ/mol)
        G96Bond       G96Angle    Proper Dih.  Improper Dih.          LJ-14
    4.45790e+03    8.85788e+03    3.27574e+03    7.95438e+02    1.22748e+04
     Coulomb-14        LJ (SR)   Coulomb (SR)   Coul. recip.      Potential
   -4.92636e+04    4.73383e+04   -4.27761e+05    1.16921e+03   -3.98855e+05
    Kinetic En.   Total Energy  Conserved En.    Temperature Pressure (bar)
    3.30758e+04   -3.65779e+05   -4.34350e+05    1.11721e+02    1.36419e+03
   Constr. rmsd
    0.00000e+00

           Step           Time
           2000        2.00000

   Energies (kJ/mol)
        G96Bond       G96Angle    Proper Dih.  Improper Dih.          LJ-14
    5.64419e+03    1.14120e+04    3.69259e+03    9.38425e+02    1.24815e+04
     Coulomb-14        LJ (SR)   Coulomb (SR)   Coul. recip.      Potential
   -4.90509e+04    3.40705e+04   -3.95906e+05    1.34767e+03   -3.75370e+05
    Kinetic En.   Total Energy  Conserved En.    Temperature Pressure (bar)
    5.27797e+04   -3.22590e+05   -4.34330e+05    1.78275e+02   -6.68309e+02
   Constr. rmsd
    0.00000e+00

           Step           Time
           3000        3.00000

   Energies (kJ/mol)
        G96Bond       G96Angle    Proper Dih.  Improper Dih.          LJ-14
    6.19349e+03    1.33715e+04    4.08687e+03    9.57413e+02    1.24510e+04
     Coulomb-14        LJ (SR)   Coulomb (SR)   Coul. recip.      Potential
   -4.87442e+04    3.22759e+04   -3.81197e+05    1.48138e+03   -3.59123e+05
    Kinetic En.   Total Energy  Conserved En.    Temperature Pressure (bar)
    6.52896e+04   -2.93834e+05   -4.34349e+05    2.20530e+02   -2.42713e+02
   Constr. rmsd
    0.00000e+00

           Step           Time
           4000        4.00000

   Energies (kJ/mol)
        G96Bond       G96Angle    Proper Dih.  Improper Dih.          LJ-14
    6.90906e+03    1.46450e+04    4.18174e+03    1.01914e+03    1.26379e+04
     Coulomb-14        LJ (SR)   Coulomb (SR)   Coul. recip.      Potential
   -4.89237e+04    2.97416e+04   -3.69010e+05    1.60873e+03   -3.47191e+05
    Kinetic En.   Total Energy  Conserved En.    Temperature Pressure (bar)
    7.19573e+04   -2.75233e+05   -4.34347e+05    2.43052e+02   -2.98357e+02
   Constr. rmsd
    0.00000e+00

           Step           Time
           5000        5.00000

   Energies (kJ/mol)
        G96Bond       G96Angle    Proper Dih.  Improper Dih.          LJ-14
    7.36692e+03    1.61433e+04    4.30517e+03    1.14062e+03    1.28261e+04
     Coulomb-14        LJ (SR)   Coulomb (SR)   Coul. recip.      Potential
   -4.89839e+04    2.57505e+04   -3.57806e+05    1.64800e+03   -3.37609e+05
    Kinetic En.   Total Energy  Conserved En.    Temperature Pressure (bar)
    7.68222e+04   -2.60787e+05   -4.34315e+05    2.59484e+02   -2.99201e+02
   Constr. rmsd
    0.00000e+00

step 5100: timed with pme grid 64 64 28, coulomb cutoff 1.200: 272.8 M-cycles
step 5300: timed with pme grid 60 60 25, coulomb cutoff 1.250: 289.2 M-cycles
step 5500: timed with pme grid 52 52 20, coulomb cutoff 1.515: 418.5 M-cycles
step 5700: timed with pme grid 52 52 24, coulomb cutoff 1.442: 379.8 M-cycles
step 5900: timed with pme grid 56 56 24, coulomb cutoff 1.339: 324.8 M-cycles
           Step           Time
           6000        6.00000

   Energies (kJ/mol)
        G96Bond       G96Angle    Proper Dih.  Improper Dih.          LJ-14
    7.81324e+03    1.64053e+04    4.37751e+03    1.23261e+03    1.27994e+04
     Coulomb-14        LJ (SR)   Coulomb (SR)   Coul. recip.      Potential
   -4.89884e+04    2.39076e+04   -3.50691e+05    1.47869e+03   -3.31665e+05
    Kinetic En.   Total Energy  Conserved En.    Temperature Pressure (bar)
    8.01605e+04   -2.51504e+05   -4.34374e+05    2.70760e+02   -6.72379e+02
   Constr. rmsd
    0.00000e+00

step 6100: timed with pme grid 60 60 24, coulomb cutoff 1.263: 296.6 M-cycles
step 6300: timed with pme grid 60 60 25, coulomb cutoff 1.250: 289.8 M-cycles
step 6500: timed with pme grid 64 64 25, coulomb cutoff 1.212: 275.3 M-cycles
step 6700: timed with pme grid 64 64 28, coulomb cutoff 1.200: 267.7 M-cycles
              optimal pme grid 64 64 28, coulomb cutoff 1.200
           Step           Time
           7000        7.00000

   Energies (kJ/mol)
        G96Bond       G96Angle    Proper Dih.  Improper Dih.          LJ-14
    7.78509e+03    1.73619e+04    4.54540e+03    1.21777e+03    1.31418e+04
     Coulomb-14        LJ (SR)   Coulomb (SR)   Coul. recip.      Potential
   -4.91433e+04    2.34511e+04   -3.46591e+05    1.73845e+03   -3.26493e+05
    Kinetic En.   Total Energy  Conserved En.    Temperature Pressure (bar)
    8.26841e+04   -2.43809e+05   -4.34383e+05    2.79284e+02   -3.13967e+02
   Constr. rmsd
    0.00000e+00

           Step           Time
           8000        8.00000

   Energies (kJ/mol)
        G96Bond       G96Angle    Proper Dih.  Improper Dih.          LJ-14
    8.16771e+03    1.81615e+04    4.63545e+03    1.24159e+03    1.29546e+04
     Coulomb-14        LJ (SR)   Coulomb (SR)   Coul. recip.      Potential
   -4.91623e+04    2.25211e+04   -3.44457e+05    1.71333e+03   -3.24224e+05
    Kinetic En.   Total Energy  Conserved En.    Temperature Pressure (bar)
    8.47458e+04   -2.39478e+05   -4.34360e+05    2.86248e+02   -4.36469e+02
   Constr. rmsd
    0.00000e+00

           Step           Time
           9000        9.00000

   Energies (kJ/mol)
        G96Bond       G96Angle    Proper Dih.  Improper Dih.          LJ-14
    8.24815e+03    1.84456e+04    4.58928e+03    1.23333e+03    1.29870e+04
     Coulomb-14        LJ (SR)   Coulomb (SR)   Coul. recip.      Potential
   -4.93434e+04    2.26403e+04   -3.42623e+05    1.72457e+03   -3.22098e+05
    Kinetic En.   Total Energy  Conserved En.    Temperature Pressure (bar)
    8.62402e+04   -2.35858e+05   -4.34370e+05    2.91296e+02   -3.41846e+02
   Constr. rmsd
    0.00000e+00

           Step           Time
          10000       10.00000

   Energies (kJ/mol)
        G96Bond       G96Angle    Proper Dih.  Improper Dih.          LJ-14
    8.23092e+03    1.84038e+04    4.62790e+03    1.23690e+03    1.33906e+04
     Coulomb-14        LJ (SR)   Coulomb (SR)   Coul. recip.      Potential
   -4.91727e+04    2.11718e+04   -3.39838e+05    1.81271e+03   -3.20136e+05
    Kinetic En.   Total Energy  Conserved En.    Temperature Pressure (bar)
    8.67111e+04   -2.33425e+05   -4.34362e+05    2.92886e+02   -3.84077e+02
   Constr. rmsd
    0.00000e+00

           Step           Time
          11000       11.00000

   Energies (kJ/mol)
        G96Bond       G96Angle    Proper Dih.  Improper Dih.          LJ-14
    8.45092e+03    1.88336e+04    4.65590e+03    1.21317e+03    1.33676e+04
     Coulomb-14        LJ (SR)   Coulomb (SR)   Coul. recip.      Potential
   -4.92975e+04    2.15843e+04   -3.39282e+05    1.79800e+03   -3.18676e+05
    Kinetic En.   Total Energy  Conserved En.    Temperature Pressure (bar)
    8.68645e+04   -2.31812e+05   -4.34361e+05    2.93404e+02   -4.91337e+02
   Constr. rmsd
    0.00000e+00

           Step           Time
          12000       12.00000

   Energies (kJ/mol)
        G96Bond       G96Angle    Proper Dih.  Improper Dih.          LJ-14
    8.91961e+03    1.90324e+04    4.66659e+03    1.31841e+03    1.33005e+04
     Coulomb-14        LJ (SR)   Coulomb (SR)   Coul. recip.      Potential
   -4.93823e+04    2.10674e+04   -3.38780e+05    1.81087e+03   -3.18046e+05
    Kinetic En.   Total Energy  Conserved En.    Temperature Pressure (bar)
    8.80782e+04   -2.29968e+05   -4.34346e+05    2.97504e+02   -5.76792e+02
   Constr. rmsd
    0.00000e+00

           Step           Time
          13000       13.00000

   Energies (kJ/mol)
        G96Bond       G96Angle    Proper Dih.  Improper Dih.          LJ-14
    8.76072e+03    1.90699e+04    4.75982e+03    1.22341e+03    1.32095e+04
     Coulomb-14        LJ (SR)   Coulomb (SR)   Coul. recip.      Potential
   -4.93021e+04    2.11164e+04   -3.38066e+05    1.84880e+03   -3.17379e+05
    Kinetic En.   Total Energy  Conserved En.    Temperature Pressure (bar)
    8.74905e+04   -2.29889e+05   -4.34356e+05    2.95519e+02   -5.45178e+02
   Constr. rmsd
    0.00000e+00

           Step           Time
          14000       14.00000

   Energies (kJ/mol)
        G96Bond       G96Angle    Proper Dih.  Improper Dih.          LJ-14
    8.94929e+03    1.89383e+04    4.83189e+03    1.32231e+03    1.32834e+04
     Coulomb-14        LJ (SR)   Coulomb (SR)   Coul. recip.      Potential
   -4.91077e+04    2.16786e+04   -3.38673e+05    1.78034e+03   -3.16997e+05
    Kinetic En.   Total Energy  Conserved En.    Temperature Pressure (bar)
    8.85115e+04   -2.28485e+05   -4.34348e+05    2.98967e+02   -6.23638e+02
   Constr. rmsd
    0.00000e+00

           Step           Time
          15000       15.00000

   Energies (kJ/mol)
        G96Bond       G96Angle    Proper Dih.  Improper Dih.          LJ-14
    8.82674e+03    1.89536e+04    4.69939e+03    1.25919e+03    1.33804e+04
     Coulomb-14        LJ (SR)   Coulomb (SR)   Coul. recip.      Potential
   -4.91552e+04    2.12918e+04   -3.37739e+05    1.71534e+03   -3.16767e+05
    Kinetic En.   Total Energy  Conserved En.    Temperature Pressure (bar)
    8.91132e+04   -2.27654e+05   -4.34341e+05    3.01000e+02   -5.18974e+02
   Constr. rmsd
    0.00000e+00

           Step           Time
          16000       16.00000

   Energies (kJ/mol)
        G96Bond       G96Angle    Proper Dih.  Improper Dih.          LJ-14
    8.99465e+03    1.89659e+04    4.84636e+03    1.31170e+03    1.32858e+04
     Coulomb-14        LJ (SR)   Coulomb (SR)   Coul. recip.      Potential
   -4.90621e+04    2.16831e+04   -3.39330e+05    1.73880e+03   -3.17566e+05
    Kinetic En.   Total Energy  Conserved En.    Temperature Pressure (bar)
    8.88788e+04   -2.28687e+05   -4.34330e+05    3.00208e+02   -4.92595e+02
   Constr. rmsd
    0.00000e+00

           Step           Time
          17000       17.00000

   Energies (kJ/mol)
        G96Bond       G96Angle    Proper Dih.  Improper Dih.          LJ-14
    8.83022e+03    1.90045e+04    4.82876e+03    1.37703e+03    1.33703e+04
     Coulomb-14        LJ (SR)   Coulomb (SR)   Coul. recip.      Potential
   -4.89839e+04    2.18037e+04   -3.39722e+05    1.78158e+03   -3.17710e+05
    Kinetic En.   Total Energy  Conserved En.    Temperature Pressure (bar)
    8.93625e+04   -2.28347e+05   -4.34314e+05    3.01842e+02   -5.85653e+02
   Constr. rmsd
    0.00000e+00

           Step           Time
          18000       18.00000

   Energies (kJ/mol)
        G96Bond       G96Angle    Proper Dih.  Improper Dih.          LJ-14
    8.73399e+03    1.95022e+04    4.79275e+03    1.38225e+03    1.33885e+04
     Coulomb-14        LJ (SR)   Coulomb (SR)   Coul. recip.      Potential
   -4.88967e+04    2.10857e+04   -3.40219e+05    1.76186e+03   -3.18469e+05
    Kinetic En.   Total Energy  Conserved En.    Temperature Pressure (bar)
    8.95357e+04   -2.28933e+05   -4.34309e+05    3.02427e+02   -4.83922e+02
   Constr. rmsd
    0.00000e+00

           Step           Time
          19000       19.00000

   Energies (kJ/mol)
        G96Bond       G96Angle    Proper Dih.  Improper Dih.          LJ-14
    8.92724e+03    1.92891e+04    4.77140e+03    1.29483e+03    1.34496e+04
     Coulomb-14        LJ (SR)   Coulomb (SR)   Coul. recip.      Potential
   -4.90070e+04    2.29083e+04   -3.41689e+05    1.79678e+03   -3.18259e+05
    Kinetic En.   Total Energy  Conserved En.    Temperature Pressure (bar)
    8.79432e+04   -2.30316e+05   -4.34294e+05    2.97048e+02   -4.28571e+02
   Constr. rmsd
    0.00000e+00

           Step           Time
          20000       20.00000

   Energies (kJ/mol)
        G96Bond       G96Angle    Proper Dih.  Improper Dih.          LJ-14
    8.98456e+03    1.94169e+04    4.78262e+03    1.45418e+03    1.32511e+04
     Coulomb-14        LJ (SR)   Coulomb (SR)   Coul. recip.      Potential
   -4.95575e+04    2.31715e+04   -3.41991e+05    1.74468e+03   -3.18743e+05
    Kinetic En.   Total Energy  Conserved En.    Temperature Pressure (bar)
    8.93992e+04   -2.29344e+05   -4.34210e+05    3.01966e+02   -3.89695e+02
   Constr. rmsd
    0.00000e+00

           Step           Time
          21000       21.00000

   Energies (kJ/mol)
        G96Bond       G96Angle    Proper Dih.  Improper Dih.          LJ-14
    8.92827e+03    1.93480e+04    4.78032e+03    1.31368e+03    1.34748e+04
     Coulomb-14        LJ (SR)   Coulomb (SR)   Coul. recip.      Potential
   -4.87190e+04    2.20771e+04   -3.41532e+05    1.74378e+03   -3.18585e+05
    Kinetic En.   Total Energy  Conserved En.    Temperature Pressure (bar)
    8.91641e+04   -2.29421e+05   -4.34236e+05    3.01172e+02   -4.22801e+02
   Constr. rmsd
    0.00000e+00

           Step           Time
          22000       22.00000

   Energies (kJ/mol)
        G96Bond       G96Angle    Proper Dih.  Improper Dih.          LJ-14
    9.13646e+03    1.93231e+04    4.87243e+03    1.35819e+03    1.35105e+04
     Coulomb-14        LJ (SR)   Coulomb (SR)   Coul. recip.      Potential
   -4.92421e+04    2.12650e+04   -3.40085e+05    1.66813e+03   -3.18193e+05
    Kinetic En.   Total Energy  Conserved En.    Temperature Pressure (bar)
    8.85535e+04   -2.29640e+05   -4.34228e+05    2.99109e+02   -5.23819e+02
   Constr. rmsd
    0.00000e+00

           Step           Time
          23000       23.00000

   Energies (kJ/mol)
        G96Bond       G96Angle    Proper Dih.  Improper Dih.          LJ-14
    8.75550e+03    1.95396e+04    4.71580e+03    1.29873e+03    1.36321e+04
     Coulomb-14        LJ (SR)   Coulomb (SR)   Coul. recip.      Potential
   -4.92453e+04    2.16615e+04   -3.40394e+05    1.76565e+03   -3.18270e+05
    Kinetic En.   Total Energy  Conserved En.    Temperature Pressure (bar)
    8.95279e+04   -2.28743e+05   -4.34217e+05    3.02401e+02   -3.01178e+02
   Constr. rmsd
    0.00000e+00

           Step           Time
          24000       24.00000

   Energies (kJ/mol)
        G96Bond       G96Angle    Proper Dih.  Improper Dih.          LJ-14
    9.26850e+03    1.99948e+04    4.91137e+03    1.33544e+03    1.34313e+04
     Coulomb-14        LJ (SR)   Coulomb (SR)   Coul. recip.      Potential
   -4.92678e+04    2.15611e+04   -3.40864e+05    1.70154e+03   -3.17927e+05
    Kinetic En.   Total Energy  Conserved En.    Temperature Pressure (bar)
    8.92454e+04   -2.28682e+05   -4.34178e+05    3.01446e+02   -4.25521e+02
   Constr. rmsd
    0.00000e+00

           Step           Time
          25000       25.00000

   Energies (kJ/mol)
        G96Bond       G96Angle    Proper Dih.  Improper Dih.          LJ-14
    8.96158e+03    2.00290e+04    4.78541e+03    1.34227e+03    1.33871e+04
     Coulomb-14        LJ (SR)   Coulomb (SR)   Coul. recip.      Potential
   -4.90647e+04    2.09551e+04   -3.40724e+05    1.69518e+03   -3.18633e+05
    Kinetic En.   Total Energy  Conserved En.    Temperature Pressure (bar)
    8.92644e+04   -2.29368e+05   -4.34195e+05    3.01511e+02   -5.44491e+02
   Constr. rmsd
    0.00000e+00

           Step           Time
          26000       26.00000

   Energies (kJ/mol)
        G96Bond       G96Angle    Proper Dih.  Improper Dih.          LJ-14
    9.22108e+03    1.97417e+04    4.73911e+03    1.35814e+03    1.35514e+04
     Coulomb-14        LJ (SR)   Coulomb (SR)   Coul. recip.      Potential
   -4.91788e+04    2.17607e+04   -3.42204e+05    1.73044e+03   -3.19280e+05
    Kinetic En.   Total Energy  Conserved En.    Temperature Pressure (bar)
    8.84632e+04   -2.30817e+05   -4.34185e+05    2.98804e+02   -3.64613e+02
   Constr. rmsd
    0.00000e+00

           Step           Time
          27000       27.00000

   Energies (kJ/mol)
        G96Bond       G96Angle    Proper Dih.  Improper Dih.          LJ-14
    9.39877e+03    1.99088e+04    4.82203e+03    1.30008e+03    1.31950e+04
     Coulomb-14        LJ (SR)   Coulomb (SR)   Coul. recip.      Potential
   -4.93382e+04    2.16457e+04   -3.42823e+05    1.70896e+03   -3.20182e+05
    Kinetic En.   Total Energy  Conserved En.    Temperature Pressure (bar)
    8.89090e+04   -2.31273e+05   -4.34180e+05    3.00310e+02   -8.50775e+02
   Constr. rmsd
    0.00000e+00

           Step           Time
          28000       28.00000

   Energies (kJ/mol)
        G96Bond       G96Angle    Proper Dih.  Improper Dih.          LJ-14
    9.26114e+03    1.98131e+04    4.80984e+03    1.45269e+03    1.33934e+04
     Coulomb-14        LJ (SR)   Coulomb (SR)   Coul. recip.      Potential
   -4.91600e+04    2.19069e+04   -3.43709e+05    1.68254e+03   -3.20549e+05
    Kinetic En.   Total Energy  Conserved En.    Temperature Pressure (bar)
    8.89408e+04   -2.31608e+05   -4.34193e+05    3.00418e+02   -6.76794e+02
   Constr. rmsd
    0.00000e+00

           Step           Time
          29000       29.00000

   Energies (kJ/mol)
        G96Bond       G96Angle    Proper Dih.  Improper Dih.          LJ-14
    9.11319e+03    1.96692e+04    4.94276e+03    1.41967e+03    1.37196e+04
     Coulomb-14        LJ (SR)   Coulomb (SR)   Coul. recip.      Potential
   -4.92897e+04    2.22146e+04   -3.44466e+05    1.67688e+03   -3.21000e+05
    Kinetic En.   Total Energy  Conserved En.    Temperature Pressure (bar)
    8.97991e+04   -2.31201e+05   -4.34209e+05    3.03317e+02   -2.00696e+02
   Constr. rmsd
    0.00000e+00

           Step           Time
          30000       30.00000

   Energies (kJ/mol)
        G96Bond       G96Angle    Proper Dih.  Improper Dih.          LJ-14
    9.57754e+03    1.97470e+04    4.80316e+03    1.46047e+03    1.32053e+04
     Coulomb-14        LJ (SR)   Coulomb (SR)   Coul. recip.      Potential
   -4.90916e+04    2.26991e+04   -3.44668e+05    1.63775e+03   -3.20630e+05
    Kinetic En.   Total Energy  Conserved En.    Temperature Pressure (bar)
    8.87075e+04   -2.31922e+05   -4.34072e+05    2.99630e+02   -9.13568e+02
   Constr. rmsd
    0.00000e+00

           Step           Time
          31000       31.00000

   Energies (kJ/mol)
        G96Bond       G96Angle    Proper Dih.  Improper Dih.          LJ-14
    9.19465e+03    2.00703e+04    4.99541e+03    1.36152e+03    1.36743e+04
     Coulomb-14        LJ (SR)   Coulomb (SR)   Coul. recip.      Potential
   -4.93028e+04    2.29492e+04   -3.44442e+05    1.68347e+03   -3.19816e+05
    Kinetic En.   Total Energy  Conserved En.    Temperature Pressure (bar)
    8.77659e+04   -2.32050e+05   -4.34066e+05    2.96449e+02   -3.74104e+02
   Constr. rmsd
    0.00000e+00

           Step           Time
          32000       32.00000

   Energies (kJ/mol)
        G96Bond       G96Angle    Proper Dih.  Improper Dih.          LJ-14
    9.18468e+03    2.01956e+04    4.80252e+03    1.36503e+03    1.36783e+04
     Coulomb-14        LJ (SR)   Coulomb (SR)   Coul. recip.      Potential
   -4.93572e+04    2.24124e+04   -3.44368e+05    1.66256e+03   -3.20424e+05
    Kinetic En.   Total Energy  Conserved En.    Temperature Pressure (bar)
    8.84962e+04   -2.31928e+05   -4.34048e+05    2.98916e+02   -5.48823e+02
   Constr. rmsd
    0.00000e+00

           Step           Time
          33000       33.00000

   Energies (kJ/mol)
        G96Bond       G96Angle    Proper Dih.  Improper Dih.          LJ-14
    9.22981e+03    2.02331e+04    4.76409e+03    1.40131e+03    1.33770e+04
     Coulomb-14        LJ (SR)   Coulomb (SR)   Coul. recip.      Potential
   -4.90615e+04    2.35745e+04   -3.46573e+05    1.67524e+03   -3.21380e+05
    Kinetic En.   Total Energy  Conserved En.    Temperature Pressure (bar)
    8.91213e+04   -2.32258e+05   -4.34050e+05    3.01027e+02   -3.45763e+02
   Constr. rmsd
    0.00000e+00

           Step           Time
          34000       34.00000

   Energies (kJ/mol)
        G96Bond       G96Angle    Proper Dih.  Improper Dih.          LJ-14
    9.51560e+03    2.02589e+04    4.87545e+03    1.35413e+03    1.34979e+04
     Coulomb-14        LJ (SR)   Coulomb (SR)   Coul. recip.      Potential
   -4.89994e+04    2.27158e+04   -3.46036e+05    1.59981e+03   -3.21218e+05
    Kinetic En.   Total Energy  Conserved En.    Temperature Pressure (bar)
    8.85625e+04   -2.32656e+05   -4.34002e+05    2.99140e+02   -4.45236e+02
   Constr. rmsd
    0.00000e+00

           Step           Time
          35000       35.00000

   Energies (kJ/mol)
        G96Bond       G96Angle    Proper Dih.  Improper Dih.          LJ-14
    9.10143e+03    2.02975e+04    4.84597e+03    1.38796e+03    1.36823e+04
     Coulomb-14        LJ (SR)   Coulomb (SR)   Coul. recip.      Potential
   -4.91481e+04    2.20418e+04   -3.45211e+05    1.66070e+03   -3.21342e+05
    Kinetic En.   Total Energy  Conserved En.    Temperature Pressure (bar)
    8.90234e+04   -2.32318e+05   -4.34007e+05    3.00696e+02   -4.76914e+02
   Constr. rmsd
    0.00000e+00

           Step           Time
          36000       36.00000

   Energies (kJ/mol)
        G96Bond       G96Angle    Proper Dih.  Improper Dih.          LJ-14
    9.62071e+03    2.01804e+04    4.94706e+03    1.32082e+03    1.33830e+04
     Coulomb-14        LJ (SR)   Coulomb (SR)   Coul. recip.      Potential
   -4.89120e+04    2.26048e+04   -3.46781e+05    1.67237e+03   -3.21964e+05
    Kinetic En.   Total Energy  Conserved En.    Temperature Pressure (bar)
    8.88488e+04   -2.33115e+05   -4.34008e+05    3.00107e+02   -6.56011e+02
   Constr. rmsd
    0.00000e+00

           Step           Time
          37000       37.00000

   Energies (kJ/mol)
        G96Bond       G96Angle    Proper Dih.  Improper Dih.          LJ-14
    9.40191e+03    2.00852e+04    4.69998e+03    1.38038e+03    1.35677e+04
     Coulomb-14        LJ (SR)   Coulomb (SR)   Coul. recip.      Potential
   -4.88784e+04    2.13249e+04   -3.45182e+05    1.56888e+03   -3.22031e+05
    Kinetic En.   Total Energy  Conserved En.    Temperature Pressure (bar)
    8.86275e+04   -2.33404e+05   -4.34003e+05    2.99359e+02   -5.40523e+02
   Constr. rmsd
    0.00000e+00

           Step           Time
          38000       38.00000

   Energies (kJ/mol)
        G96Bond       G96Angle    Proper Dih.  Improper Dih.          LJ-14
    9.87680e+03    2.01618e+04    4.83874e+03    1.39748e+03    1.34571e+04
     Coulomb-14        LJ (SR)   Coulomb (SR)   Coul. recip.      Potential
   -4.89747e+04    2.32083e+04   -3.47511e+05    1.69703e+03   -3.21849e+05
    Kinetic En.   Total Energy  Conserved En.    Temperature Pressure (bar)
    8.89292e+04   -2.32920e+05   -4.33989e+05    3.00379e+02   -6.11919e+02
   Constr. rmsd
    0.00000e+00

           Step           Time
          39000       39.00000

   Energies (kJ/mol)
        G96Bond       G96Angle    Proper Dih.  Improper Dih.          LJ-14
    9.32211e+03    2.04523e+04    4.83003e+03    1.37566e+03    1.34908e+04
     Coulomb-14        LJ (SR)   Coulomb (SR)   Coul. recip.      Potential
   -4.89340e+04    2.25460e+04   -3.46513e+05    1.61230e+03   -3.21818e+05
    Kinetic En.   Total Energy  Conserved En.    Temperature Pressure (bar)
    8.91758e+04   -2.32642e+05   -4.33991e+05    3.01211e+02   -3.80120e+02
   Constr. rmsd
    0.00000e+00

           Step           Time
          40000       40.00000

   Energies (kJ/mol)
        G96Bond       G96Angle    Proper Dih.  Improper Dih.          LJ-14
    9.49969e+03    2.00487e+04    4.94410e+03    1.34691e+03    1.35847e+04
     Coulomb-14        LJ (SR)   Coulomb (SR)   Coul. recip.      Potential
   -4.89302e+04    2.30676e+04   -3.48135e+05    1.64379e+03   -3.22930e+05
    Kinetic En.   Total Energy  Conserved En.    Temperature Pressure (bar)
    8.95532e+04   -2.33377e+05   -4.33983e+05    3.02486e+02   -3.46116e+02
   Constr. rmsd
    0.00000e+00

           Step           Time
          41000       41.00000

   Energies (kJ/mol)
        G96Bond       G96Angle    Proper Dih.  Improper Dih.          LJ-14
    9.62062e+03    2.04153e+04    4.97269e+03    1.44082e+03    1.35880e+04
     Coulomb-14        LJ (SR)   Coulomb (SR)   Coul. recip.      Potential
   -4.90463e+04    2.33910e+04   -3.48160e+05    1.59731e+03   -3.22181e+05
    Kinetic En.   Total Energy  Conserved En.    Temperature Pressure (bar)
    8.89662e+04   -2.33215e+05   -4.33973e+05    3.00504e+02   -3.57218e+02
   Constr. rmsd
    0.00000e+00

           Step           Time
          42000       42.00000

   Energies (kJ/mol)
        G96Bond       G96Angle    Proper Dih.  Improper Dih.          LJ-14
    9.77796e+03    2.03781e+04    5.02516e+03    1.39681e+03    1.36677e+04
     Coulomb-14        LJ (SR)   Coulomb (SR)   Coul. recip.      Potential
   -4.89582e+04    2.37262e+04   -3.49373e+05    1.59846e+03   -3.22761e+05
    Kinetic En.   Total Energy  Conserved En.    Temperature Pressure (bar)
    8.87357e+04   -2.34025e+05   -4.33945e+05    2.99725e+02   -4.10635e+02
   Constr. rmsd
    0.00000e+00

           Step           Time
          43000       43.00000

   Energies (kJ/mol)
        G96Bond       G96Angle    Proper Dih.  Improper Dih.          LJ-14
    9.63516e+03    2.04163e+04    5.00742e+03    1.38073e+03    1.36759e+04
     Coulomb-14        LJ (SR)   Coulomb (SR)   Coul. recip.      Potential
   -4.89416e+04    2.34688e+04   -3.48778e+05    1.55886e+03   -3.22577e+05
    Kinetic En.   Total Energy  Conserved En.    Temperature Pressure (bar)
    8.92467e+04   -2.33330e+05   -4.33933e+05    3.01451e+02   -4.85730e+02
   Constr. rmsd
    0.00000e+00

           Step           Time
          44000       44.00000

   Energies (kJ/mol)
        G96Bond       G96Angle    Proper Dih.  Improper Dih.          LJ-14
    9.67674e+03    2.02519e+04    4.94782e+03    1.38154e+03    1.37338e+04
     Coulomb-14        LJ (SR)   Coulomb (SR)   Coul. recip.      Potential
   -4.89423e+04    2.29427e+04   -3.48966e+05    1.60389e+03   -3.23370e+05
    Kinetic En.   Total Energy  Conserved En.    Temperature Pressure (bar)
    8.89376e+04   -2.34433e+05   -4.33923e+05    3.00407e+02   -2.67146e+02
   Constr. rmsd
    0.00000e+00

           Step           Time
          45000       45.00000

   Energies (kJ/mol)
        G96Bond       G96Angle    Proper Dih.  Improper Dih.          LJ-14
    9.76016e+03    2.06933e+04    4.92252e+03    1.40132e+03    1.34616e+04
     Coulomb-14        LJ (SR)   Coulomb (SR)   Coul. recip.      Potential
   -4.87080e+04    2.29267e+04   -3.49148e+05    1.57843e+03   -3.23112e+05
    Kinetic En.   Total Energy  Conserved En.    Temperature Pressure (bar)
    8.88798e+04   -2.34233e+05   -4.33933e+05    3.00211e+02   -4.73290e+02
   Constr. rmsd
    0.00000e+00

           Step           Time
          46000       46.00000

   Energies (kJ/mol)
        G96Bond       G96Angle    Proper Dih.  Improper Dih.          LJ-14
    9.71013e+03    2.09265e+04    4.84522e+03    1.40298e+03    1.35177e+04
     Coulomb-14        LJ (SR)   Coulomb (SR)   Coul. recip.      Potential
   -4.88431e+04    2.34523e+04   -3.50184e+05    1.59460e+03   -3.23577e+05
    Kinetic En.   Total Energy  Conserved En.    Temperature Pressure (bar)
    8.87274e+04   -2.34850e+05   -4.33906e+05    2.99697e+02   -3.71834e+02
   Constr. rmsd
    0.00000e+00

           Step           Time
          47000       47.00000

   Energies (kJ/mol)
        G96Bond       G96Angle    Proper Dih.  Improper Dih.          LJ-14
    9.83297e+03    2.03897e+04    4.91507e+03    1.35692e+03    1.34904e+04
     Coulomb-14        LJ (SR)   Coulomb (SR)   Coul. recip.      Potential
   -4.89908e+04    2.28958e+04   -3.49847e+05    1.60824e+03   -3.24349e+05
    Kinetic En.   Total Energy  Conserved En.    Temperature Pressure (bar)
    8.91847e+04   -2.35164e+05   -4.33934e+05    3.01241e+02   -6.68074e+02
   Constr. rmsd
    0.00000e+00

           Step           Time
          48000       48.00000

   Energies (kJ/mol)
        G96Bond       G96Angle    Proper Dih.  Improper Dih.          LJ-14
    9.55966e+03    2.06790e+04    4.88353e+03    1.39967e+03    1.33875e+04
     Coulomb-14        LJ (SR)   Coulomb (SR)   Coul. recip.      Potential
   -4.86942e+04    2.29449e+04   -3.49796e+05    1.59764e+03   -3.24038e+05
    Kinetic En.   Total Energy  Conserved En.    Temperature Pressure (bar)
    8.79855e+04   -2.36052e+05   -4.33904e+05    2.97191e+02   -6.55346e+02
   Constr. rmsd
    0.00000e+00

           Step           Time
          49000       49.00000

   Energies (kJ/mol)
        G96Bond       G96Angle    Proper Dih.  Improper Dih.          LJ-14
    9.78251e+03    2.08455e+04    4.88544e+03    1.39002e+03    1.33686e+04
     Coulomb-14        LJ (SR)   Coulomb (SR)   Coul. recip.      Potential
   -4.90340e+04    2.39659e+04   -3.52770e+05    1.55987e+03   -3.26006e+05
    Kinetic En.   Total Energy  Conserved En.    Temperature Pressure (bar)
    8.92380e+04   -2.36768e+05   -4.33889e+05    3.01422e+02   -6.70318e+02
   Constr. rmsd
    0.00000e+00

           Step           Time
          50000       50.00000

   Energies (kJ/mol)
        G96Bond       G96Angle    Proper Dih.  Improper Dih.          LJ-14
    9.78101e+03    2.02865e+04    4.83420e+03    1.37798e+03    1.35842e+04
     Coulomb-14        LJ (SR)   Coulomb (SR)   Coul. recip.      Potential
   -4.89474e+04    2.43064e+04   -3.51590e+05    1.58018e+03   -3.24788e+05
    Kinetic En.   Total Energy  Conserved En.    Temperature Pressure (bar)
    8.82242e+04   -2.36563e+05   -4.33895e+05    2.97997e+02   -2.97171e+02
   Constr. rmsd
    0.00000e+00

           Step           Time
          51000       51.00000

   Energies (kJ/mol)
        G96Bond       G96Angle    Proper Dih.  Improper Dih.          LJ-14
    9.73169e+03    2.08786e+04    4.87600e+03    1.38493e+03    1.38130e+04
     Coulomb-14        LJ (SR)   Coulomb (SR)   Coul. recip.      Potential
   -4.90014e+04    2.33527e+04   -3.51397e+05    1.59520e+03   -3.24766e+05
    Kinetic En.   Total Energy  Conserved En.    Temperature Pressure (bar)
    8.82340e+04   -2.36532e+05   -4.33857e+05    2.98030e+02   -1.99113e+02
   Constr. rmsd
    0.00000e+00

           Step           Time
          52000       52.00000

   Energies (kJ/mol)
        G96Bond       G96Angle    Proper Dih.  Improper Dih.          LJ-14
    9.72320e+03    2.10855e+04    4.94361e+03    1.41710e+03    1.34457e+04
     Coulomb-14        LJ (SR)   Coulomb (SR)   Coul. recip.      Potential
   -4.89094e+04    2.40386e+04   -3.51923e+05    1.59547e+03   -3.24584e+05
    Kinetic En.   Total Energy  Conserved En.    Temperature Pressure (bar)
    8.82838e+04   -2.36300e+05   -4.33873e+05    2.98199e+02   -3.47258e+02
   Constr. rmsd
    0.00000e+00

           Step           Time
          53000       53.00000

   Energies (kJ/mol)
        G96Bond       G96Angle    Proper Dih.  Improper Dih.          LJ-14
    9.83313e+03    2.06675e+04    4.91349e+03    1.37981e+03    1.37094e+04
     Coulomb-14        LJ (SR)   Coulomb (SR)   Coul. recip.      Potential
   -4.91897e+04    2.47112e+04   -3.53422e+05    1.62756e+03   -3.25769e+05
    Kinetic En.   Total Energy  Conserved En.    Temperature Pressure (bar)
    8.89067e+04   -2.36863e+05   -4.33837e+05    3.00302e+02   -8.44678e+01
   Constr. rmsd
    0.00000e+00

           Step           Time
          54000       54.00000

   Energies (kJ/mol)
        G96Bond       G96Angle    Proper Dih.  Improper Dih.          LJ-14
    1.01308e+04    2.05444e+04    4.91839e+03    1.41550e+03    1.34879e+04
     Coulomb-14        LJ (SR)   Coulomb (SR)   Coul. recip.      Potential
   -4.90160e+04    2.48376e+04   -3.52790e+05    1.54059e+03   -3.24931e+05
    Kinetic En.   Total Energy  Conserved En.    Temperature Pressure (bar)
    8.89306e+04   -2.36000e+05   -4.33857e+05    3.00383e+02   -3.58824e+02
   Constr. rmsd
    0.00000e+00

           Step           Time
          55000       55.00000

   Energies (kJ/mol)
        G96Bond       G96Angle    Proper Dih.  Improper Dih.          LJ-14
    9.84067e+03    2.10712e+04    4.82440e+03    1.43436e+03    1.36712e+04
     Coulomb-14        LJ (SR)   Coulomb (SR)   Coul. recip.      Potential
   -4.93118e+04    2.39077e+04   -3.51114e+05    1.60907e+03   -3.24067e+05
    Kinetic En.   Total Energy  Conserved En.    Temperature Pressure (bar)
    8.83210e+04   -2.35746e+05   -4.33828e+05    2.98324e+02   -2.61068e+02
   Constr. rmsd
    0.00000e+00

           Step           Time
          56000       56.00000

   Energies (kJ/mol)
        G96Bond       G96Angle    Proper Dih.  Improper Dih.          LJ-14
    1.01024e+04    2.10131e+04    4.94188e+03    1.47758e+03    1.35496e+04
     Coulomb-14        LJ (SR)   Coulomb (SR)   Coul. recip.      Potential
   -4.92913e+04    2.40382e+04   -3.51778e+05    1.56620e+03   -3.24380e+05
    Kinetic En.   Total Energy  Conserved En.    Temperature Pressure (bar)
    8.87135e+04   -2.35667e+05   -4.33832e+05    2.99650e+02   -2.83944e+02
   Constr. rmsd
    0.00000e+00

           Step           Time
          57000       57.00000

   Energies (kJ/mol)
        G96Bond       G96Angle    Proper Dih.  Improper Dih.          LJ-14
    9.92792e+03    2.12544e+04    4.96540e+03    1.38714e+03    1.35456e+04
     Coulomb-14        LJ (SR)   Coulomb (SR)   Coul. recip.      Potential
   -4.94605e+04    2.40400e+04   -3.52054e+05    1.60087e+03   -3.24793e+05
    Kinetic En.   Total Energy  Conserved En.    Temperature Pressure (bar)
    8.79872e+04   -2.36806e+05   -4.33829e+05    2.97197e+02   -3.74681e+02
   Constr. rmsd
    0.00000e+00

           Step           Time
          58000       58.00000

   Energies (kJ/mol)
        G96Bond       G96Angle    Proper Dih.  Improper Dih.          LJ-14
    9.73093e+03    2.09044e+04    4.94867e+03    1.40903e+03    1.35429e+04
     Coulomb-14        LJ (SR)   Coulomb (SR)   Coul. recip.      Potential
   -4.91716e+04    2.33402e+04   -3.51424e+05    1.62269e+03   -3.25097e+05
    Kinetic En.   Total Energy  Conserved En.    Temperature Pressure (bar)
    8.81949e+04   -2.36902e+05   -4.33809e+05    2.97898e+02   -6.00832e+02
   Constr. rmsd
    0.00000e+00

           Step           Time
          59000       59.00000

   Energies (kJ/mol)
        G96Bond       G96Angle    Proper Dih.  Improper Dih.          LJ-14
    1.03296e+04    2.12078e+04    4.90585e+03    1.40778e+03    1.31962e+04
     Coulomb-14        LJ (SR)   Coulomb (SR)   Coul. recip.      Potential
   -4.90587e+04    2.41496e+04   -3.52604e+05    1.59641e+03   -3.24869e+05
    Kinetic En.   Total Energy  Conserved En.    Temperature Pressure (bar)
    8.90979e+04   -2.35771e+05   -4.33780e+05    3.00948e+02   -8.26563e+02
   Constr. rmsd
    0.00000e+00

           Step           Time
          60000       60.00000

   Energies (kJ/mol)
        G96Bond       G96Angle    Proper Dih.  Improper Dih.          LJ-14
    9.84718e+03    2.10873e+04    5.10555e+03    1.41463e+03    1.36653e+04
     Coulomb-14        LJ (SR)   Coulomb (SR)   Coul. recip.      Potential
   -4.92421e+04    2.35947e+04   -3.52164e+05    1.62493e+03   -3.25066e+05
    Kinetic En.   Total Energy  Conserved En.    Temperature Pressure (bar)
    8.92450e+04   -2.35821e+05   -4.33781e+05    3.01445e+02   -3.92699e+02
   Constr. rmsd
    0.00000e+00

           Step           Time
          61000       61.00000

   Energies (kJ/mol)
        G96Bond       G96Angle    Proper Dih.  Improper Dih.          LJ-14
    9.87720e+03    2.11721e+04    4.95284e+03    1.46634e+03    1.35617e+04
     Coulomb-14        LJ (SR)   Coulomb (SR)   Coul. recip.      Potential
   -4.91809e+04    2.42711e+04   -3.52910e+05    1.57920e+03   -3.25210e+05
    Kinetic En.   Total Energy  Conserved En.    Temperature Pressure (bar)
    8.85786e+04   -2.36632e+05   -4.33773e+05    2.99194e+02   -3.26897e+02
   Constr. rmsd
    0.00000e+00

           Step           Time
          62000       62.00000

   Energies (kJ/mol)
        G96Bond       G96Angle    Proper Dih.  Improper Dih.          LJ-14
    9.96873e+03    2.09208e+04    4.90255e+03    1.44155e+03    1.36439e+04
     Coulomb-14        LJ (SR)   Coulomb (SR)   Coul. recip.      Potential
   -4.92401e+04    2.40126e+04   -3.53124e+05    1.51289e+03   -3.25962e+05
    Kinetic En.   Total Energy  Conserved En.    Temperature Pressure (bar)
    8.88532e+04   -2.37108e+05   -4.33746e+05    3.00122e+02   -5.73963e+02
   Constr. rmsd
    0.00000e+00

           Step           Time
          63000       63.00000

   Energies (kJ/mol)
        G96Bond       G96Angle    Proper Dih.  Improper Dih.          LJ-14
    1.00371e+04    2.10587e+04    5.00069e+03    1.46176e+03    1.36034e+04
     Coulomb-14        LJ (SR)   Coulomb (SR)   Coul. recip.      Potential
   -4.89888e+04    2.41260e+04   -3.53257e+05    1.55577e+03   -3.25403e+05
    Kinetic En.   Total Energy  Conserved En.    Temperature Pressure (bar)
    8.89141e+04   -2.36488e+05   -4.33695e+05    3.00328e+02   -5.21814e+02
   Constr. rmsd
    0.00000e+00

           Step           Time
          64000       64.00000

   Energies (kJ/mol)
        G96Bond       G96Angle    Proper Dih.  Improper Dih.          LJ-14
    9.98591e+03    2.11975e+04    4.85183e+03    1.44596e+03    1.37806e+04
     Coulomb-14        LJ (SR)   Coulomb (SR)   Coul. recip.      Potential
   -4.90834e+04    2.52626e+04   -3.54326e+05    1.60999e+03   -3.25275e+05
    Kinetic En.   Total Energy  Conserved En.    Temperature Pressure (bar)
    8.90293e+04   -2.36246e+05   -4.33706e+05    3.00716e+02   -3.17204e+02
   Constr. rmsd
    0.00000e+00

           Step           Time
          65000       65.00000

   Energies (kJ/mol)
        G96Bond       G96Angle    Proper Dih.  Improper Dih.          LJ-14
    1.00422e+04    2.14326e+04    4.93074e+03    1.42757e+03    1.35919e+04
     Coulomb-14        LJ (SR)   Coulomb (SR)   Coul. recip.      Potential
   -4.92291e+04    2.40837e+04   -3.53365e+05    1.60632e+03   -3.25479e+05
    Kinetic En.   Total Energy  Conserved En.    Temperature Pressure (bar)
    8.84972e+04   -2.36982e+05   -4.33648e+05    2.98919e+02   -6.44674e+02
   Constr. rmsd
    0.00000e+00

           Step           Time
          66000       66.00000

   Energies (kJ/mol)
        G96Bond       G96Angle    Proper Dih.  Improper Dih.          LJ-14
    9.86323e+03    2.13432e+04    4.90735e+03    1.39148e+03    1.39187e+04
     Coulomb-14        LJ (SR)   Coulomb (SR)   Coul. recip.      Potential
   -4.90976e+04    2.41146e+04   -3.53365e+05    1.55110e+03   -3.25373e+05
    Kinetic En.   Total Energy  Conserved En.    Temperature Pressure (bar)
    8.96879e+04   -2.35685e+05   -4.33638e+05    3.02941e+02   -9.67916e+01
   Constr. rmsd
    0.00000e+00

           Step           Time
          67000       67.00000

   Energies (kJ/mol)
        G96Bond       G96Angle    Proper Dih.  Improper Dih.          LJ-14
    9.99165e+03    2.12402e+04    4.97158e+03    1.39673e+03    1.37238e+04
     Coulomb-14        LJ (SR)   Coulomb (SR)   Coul. recip.      Potential
   -4.91815e+04    2.47481e+04   -3.54380e+05    1.53012e+03   -3.25959e+05
    Kinetic En.   Total Energy  Conserved En.    Temperature Pressure (bar)
    8.96008e+04   -2.36358e+05   -4.33655e+05    3.02647e+02   -2.96807e+02
   Constr. rmsd
    0.00000e+00

           Step           Time
          68000       68.00000

   Energies (kJ/mol)
        G96Bond       G96Angle    Proper Dih.  Improper Dih.          LJ-14
    9.91557e+03    2.11769e+04    4.96272e+03    1.34053e+03    1.39062e+04
     Coulomb-14        LJ (SR)   Coulomb (SR)   Coul. recip.      Potential
   -4.89571e+04    2.55280e+04   -3.55604e+05    1.53039e+03   -3.26201e+05
    Kinetic En.   Total Energy  Conserved En.    Temperature Pressure (bar)
    8.82138e+04   -2.37987e+05   -4.33625e+05    2.97962e+02   -3.32633e+02
   Constr. rmsd
    0.00000e+00

           Step           Time
          69000       69.00000

   Energies (kJ/mol)
        G96Bond       G96Angle    Proper Dih.  Improper Dih.          LJ-14
    1.00880e+04    2.11276e+04    4.93560e+03    1.38617e+03    1.35572e+04
     Coulomb-14        LJ (SR)   Coulomb (SR)   Coul. recip.      Potential
   -4.90401e+04    2.47133e+04   -3.54967e+05    1.51415e+03   -3.26685e+05
    Kinetic En.   Total Energy  Conserved En.    Temperature Pressure (bar)
    8.87616e+04   -2.37923e+05   -4.33623e+05    2.99812e+02   -5.76654e+02
   Constr. rmsd
    0.00000e+00

           Step           Time
          70000       70.00000

   Energies (kJ/mol)
        G96Bond       G96Angle    Proper Dih.  Improper Dih.          LJ-14
    1.00675e+04    2.11876e+04    4.84623e+03    1.43350e+03    1.36048e+04
     Coulomb-14        LJ (SR)   Coulomb (SR)   Coul. recip.      Potential
   -4.90521e+04    2.49470e+04   -3.55344e+05    1.50415e+03   -3.26805e+05
    Kinetic En.   Total Energy  Conserved En.    Temperature Pressure (bar)
    8.88088e+04   -2.37996e+05   -4.33610e+05    2.99972e+02   -3.60489e+02
   Constr. rmsd
    0.00000e+00

           Step           Time
          71000       71.00000

   Energies (kJ/mol)
        G96Bond       G96Angle    Proper Dih.  Improper Dih.          LJ-14
    1.00272e+04    2.13629e+04    4.92024e+03    1.42294e+03    1.35505e+04
     Coulomb-14        LJ (SR)   Coulomb (SR)   Coul. recip.      Potential
   -4.92193e+04    2.43054e+04   -3.53815e+05    1.63166e+03   -3.25813e+05
    Kinetic En.   Total Energy  Conserved En.    Temperature Pressure (bar)
    8.83181e+04   -2.37495e+05   -4.33587e+05    2.98314e+02   -2.56206e+02
   Constr. rmsd
    0.00000e+00

           Step           Time
          72000       72.00000

   Energies (kJ/mol)
        G96Bond       G96Angle    Proper Dih.  Improper Dih.          LJ-14
    9.95467e+03    2.14162e+04    4.96190e+03    1.38470e+03    1.37150e+04
     Coulomb-14        LJ (SR)   Coulomb (SR)   Coul. recip.      Potential
   -4.90729e+04    2.42229e+04   -3.53912e+05    1.59477e+03   -3.25735e+05
    Kinetic En.   Total Energy  Conserved En.    Temperature Pressure (bar)
    8.83268e+04   -2.37408e+05   -4.33584e+05    2.98344e+02   -9.11227e+01
   Constr. rmsd
    0.00000e+00

           Step           Time
          73000       73.00000

   Energies (kJ/mol)
        G96Bond       G96Angle    Proper Dih.  Improper Dih.          LJ-14
    9.97108e+03    2.13359e+04    4.79209e+03    1.36656e+03    1.36155e+04
     Coulomb-14        LJ (SR)   Coulomb (SR)   Coul. recip.      Potential
   -4.91071e+04    2.48874e+04   -3.54300e+05    1.55038e+03   -3.25888e+05
    Kinetic En.   Total Energy  Conserved En.    Temperature Pressure (bar)
    8.86794e+04   -2.37208e+05   -4.33577e+05    2.99535e+02   -1.04102e+02
   Constr. rmsd
    0.00000e+00

           Step           Time
          74000       74.00000

   Energies (kJ/mol)
        G96Bond       G96Angle    Proper Dih.  Improper Dih.          LJ-14
    1.00649e+04    2.12527e+04    4.85265e+03    1.47747e+03    1.37985e+04
     Coulomb-14        LJ (SR)   Coulomb (SR)   Coul. recip.      Potential
   -4.91810e+04    2.33368e+04   -3.52638e+05    1.56711e+03   -3.25469e+05
    Kinetic En.   Total Energy  Conserved En.    Temperature Pressure (bar)
    8.87957e+04   -2.36674e+05   -4.33561e+05    2.99927e+02   -4.21181e+02
   Constr. rmsd
    0.00000e+00

           Step           Time
          75000       75.00000

   Energies (kJ/mol)
        G96Bond       G96Angle    Proper Dih.  Improper Dih.          LJ-14
    9.85100e+03    2.15002e+04    4.80537e+03    1.37877e+03    1.38408e+04
     Coulomb-14        LJ (SR)   Coulomb (SR)   Coul. recip.      Potential
   -4.89491e+04    2.49299e+04   -3.55554e+05    1.58836e+03   -3.26609e+05
    Kinetic En.   Total Energy  Conserved En.    Temperature Pressure (bar)
    8.91278e+04   -2.37481e+05   -4.33533e+05    3.01049e+02    2.00944e+00
   Constr. rmsd
    0.00000e+00

           Step           Time
          76000       76.00000

   Energies (kJ/mol)
        G96Bond       G96Angle    Proper Dih.  Improper Dih.          LJ-14
    1.02750e+04    2.12823e+04    4.91955e+03    1.38328e+03    1.37742e+04
     Coulomb-14        LJ (SR)   Coulomb (SR)   Coul. recip.      Potential
   -4.91158e+04    2.41285e+04   -3.54473e+05    1.50341e+03   -3.26323e+05
    Kinetic En.   Total Energy  Conserved En.    Temperature Pressure (bar)
    8.88810e+04   -2.37442e+05   -4.33508e+05    3.00216e+02   -4.94875e+02
   Constr. rmsd
    0.00000e+00

           Step           Time
          77000       77.00000

   Energies (kJ/mol)
        G96Bond       G96Angle    Proper Dih.  Improper Dih.          LJ-14
    1.02807e+04    2.14585e+04    4.92670e+03    1.40856e+03    1.35983e+04
     Coulomb-14        LJ (SR)   Coulomb (SR)   Coul. recip.      Potential
   -4.90162e+04    2.47566e+04   -3.55932e+05    1.54499e+03   -3.26974e+05
    Kinetic En.   Total Energy  Conserved En.    Temperature Pressure (bar)
    8.83382e+04   -2.38635e+05   -4.33483e+05    2.98382e+02   -3.80909e+02
   Constr. rmsd
    0.00000e+00

           Step           Time
          78000       78.00000

   Energies (kJ/mol)
        G96Bond       G96Angle    Proper Dih.  Improper Dih.          LJ-14
    1.00334e+04    2.15073e+04    4.90281e+03    1.45951e+03    1.38218e+04
     Coulomb-14        LJ (SR)   Coulomb (SR)   Coul. recip.      Potential
   -4.91257e+04    2.38611e+04   -3.54791e+05    1.53046e+03   -3.26800e+05
    Kinetic En.   Total Energy  Conserved En.    Temperature Pressure (bar)
    8.85666e+04   -2.38233e+05   -4.33478e+05    2.99154e+02   -4.08299e+02
   Constr. rmsd
    0.00000e+00

           Step           Time
          79000       79.00000

   Energies (kJ/mol)
        G96Bond       G96Angle    Proper Dih.  Improper Dih.          LJ-14
    1.02405e+04    2.17449e+04    5.03794e+03    1.49576e+03    1.33993e+04
     Coulomb-14        LJ (SR)   Coulomb (SR)   Coul. recip.      Potential
   -4.88956e+04    2.45244e+04   -3.56345e+05    1.56393e+03   -3.27234e+05
    Kinetic En.   Total Energy  Conserved En.    Temperature Pressure (bar)
    8.85689e+04   -2.38665e+05   -4.33467e+05    2.99161e+02   -4.99471e+02
   Constr. rmsd
    0.00000e+00

           Step           Time
          80000       80.00000

   Energies (kJ/mol)
        G96Bond       G96Angle    Proper Dih.  Improper Dih.          LJ-14
    9.96333e+03    2.13965e+04    5.02413e+03    1.40742e+03    1.38359e+04
     Coulomb-14        LJ (SR)   Coulomb (SR)   Coul. recip.      Potential
   -4.90524e+04    2.43806e+04   -3.55724e+05    1.60916e+03   -3.27159e+05
    Kinetic En.   Total Energy  Conserved En.    Temperature Pressure (bar)
    8.88407e+04   -2.38318e+05   -4.33461e+05    3.00079e+02   -2.35263e+02
   Constr. rmsd
    0.00000e+00

           Step           Time
          81000       81.00000

   Energies (kJ/mol)
        G96Bond       G96Angle    Proper Dih.  Improper Dih.          LJ-14
    1.01242e+04    2.14047e+04    4.86902e+03    1.38241e+03    1.36707e+04
     Coulomb-14        LJ (SR)   Coulomb (SR)   Coul. recip.      Potential
   -4.86301e+04    2.52456e+04   -3.56510e+05    1.56086e+03   -3.26883e+05
    Kinetic En.   Total Energy  Conserved En.    Temperature Pressure (bar)
    8.84974e+04   -2.38386e+05   -4.33472e+05    2.98920e+02   -2.99894e+02
   Constr. rmsd
    0.00000e+00

           Step           Time
          82000       82.00000

   Energies (kJ/mol)
        G96Bond       G96Angle    Proper Dih.  Improper Dih.          LJ-14
    1.01695e+04    2.13632e+04    4.97783e+03    1.44652e+03    1.35476e+04
     Coulomb-14        LJ (SR)   Coulomb (SR)   Coul. recip.      Potential
   -4.87847e+04    2.46239e+04   -3.56297e+05    1.55751e+03   -3.27396e+05
    Kinetic En.   Total Energy  Conserved En.    Temperature Pressure (bar)
    8.89470e+04   -2.38449e+05   -4.33487e+05    3.00439e+02   -5.03635e+02
   Constr. rmsd
    0.00000e+00

           Step           Time
          83000       83.00000

   Energies (kJ/mol)
        G96Bond       G96Angle    Proper Dih.  Improper Dih.          LJ-14
    1.02970e+04    2.17609e+04    4.86066e+03    1.48632e+03    1.34588e+04
     Coulomb-14        LJ (SR)   Coulomb (SR)   Coul. recip.      Potential
   -4.91172e+04    2.49034e+04   -3.57290e+05    1.49580e+03   -3.28144e+05
    Kinetic En.   Total Energy  Conserved En.    Temperature Pressure (bar)
    8.89099e+04   -2.39234e+05   -4.33455e+05    3.00313e+02   -4.54661e+02
   Constr. rmsd
    0.00000e+00

           Step           Time
          84000       84.00000

   Energies (kJ/mol)
        G96Bond       G96Angle    Proper Dih.  Improper Dih.          LJ-14
    1.04257e+04    2.17772e+04    5.00135e+03    1.46176e+03    1.36668e+04
     Coulomb-14        LJ (SR)   Coulomb (SR)   Coul. recip.      Potential
   -4.91207e+04    2.54132e+04   -3.57300e+05    1.53126e+03   -3.27143e+05
    Kinetic En.   Total Energy  Conserved En.    Temperature Pressure (bar)
    8.83797e+04   -2.38763e+05   -4.33448e+05    2.98522e+02   -2.96124e+02
   Constr. rmsd
    0.00000e+00

           Step           Time
          85000       85.00000

   Energies (kJ/mol)
        G96Bond       G96Angle    Proper Dih.  Improper Dih.          LJ-14
    1.03706e+04    2.17238e+04    4.97795e+03    1.42451e+03    1.37696e+04
     Coulomb-14        LJ (SR)   Coulomb (SR)   Coul. recip.      Potential
   -4.91399e+04    2.50002e+04   -3.57171e+05    1.50405e+03   -3.27540e+05
    Kinetic En.   Total Energy  Conserved En.    Temperature Pressure (bar)
    8.83239e+04   -2.39216e+05   -4.33392e+05    2.98334e+02   -2.66278e+02
   Constr. rmsd
    0.00000e+00

           Step           Time
          86000       86.00000

   Energies (kJ/mol)
        G96Bond       G96Angle    Proper Dih.  Improper Dih.          LJ-14
    1.00168e+04    2.19038e+04    4.96080e+03    1.51644e+03    1.36065e+04
     Coulomb-14        LJ (SR)   Coulomb (SR)   Coul. recip.      Potential
   -4.88234e+04    2.54133e+04   -3.57816e+05    1.52668e+03   -3.27695e+05
    Kinetic En.   Total Energy  Conserved En.    Temperature Pressure (bar)
    8.88110e+04   -2.38884e+05   -4.33398e+05    2.99979e+02   -2.03100e+02
   Constr. rmsd
    0.00000e+00

           Step           Time
          87000       87.00000

   Energies (kJ/mol)
        G96Bond       G96Angle    Proper Dih.  Improper Dih.          LJ-14
    1.03269e+04    2.18068e+04    4.99318e+03    1.40691e+03    1.35933e+04
     Coulomb-14        LJ (SR)   Coulomb (SR)   Coul. recip.      Potential
   -4.88137e+04    2.50929e+04   -3.56893e+05    1.48714e+03   -3.27000e+05
    Kinetic En.   Total Energy  Conserved En.    Temperature Pressure (bar)
    8.86982e+04   -2.38302e+05   -4.33373e+05    2.99598e+02   -3.38687e+02
   Constr. rmsd
    0.00000e+00

           Step           Time
          88000       88.00000

   Energies (kJ/mol)
        G96Bond       G96Angle    Proper Dih.  Improper Dih.          LJ-14
    1.00469e+04    2.20810e+04    5.03053e+03    1.42627e+03    1.37253e+04
     Coulomb-14        LJ (SR)   Coulomb (SR)   Coul. recip.      Potential
   -4.90501e+04    2.43676e+04   -3.56261e+05    1.44719e+03   -3.27186e+05
    Kinetic En.   Total Energy  Conserved En.    Temperature Pressure (bar)
    8.89865e+04   -2.38200e+05   -4.33368e+05    3.00572e+02   -3.79899e+02
   Constr. rmsd
    0.00000e+00

           Step           Time
          89000       89.00000

   Energies (kJ/mol)
        G96Bond       G96Angle    Proper Dih.  Improper Dih.          LJ-14
    1.01850e+04    2.17855e+04    4.94739e+03    1.37693e+03    1.36852e+04
     Coulomb-14        LJ (SR)   Coulomb (SR)   Coul. recip.      Potential
   -4.87910e+04    2.54144e+04   -3.57477e+05    1.54320e+03   -3.27330e+05
    Kinetic En.   Total Energy  Conserved En.    Temperature Pressure (bar)
    8.87168e+04   -2.38613e+05   -4.33362e+05    2.99661e+02   -2.69542e+02
   Constr. rmsd
    0.00000e+00

           Step           Time
          90000       90.00000

   Energies (kJ/mol)
        G96Bond       G96Angle    Proper Dih.  Improper Dih.          LJ-14
    1.03299e+04    2.16143e+04    4.91693e+03    1.38366e+03    1.38556e+04
     Coulomb-14        LJ (SR)   Coulomb (SR)   Coul. recip.      Potential
   -4.87934e+04    2.51658e+04   -3.57078e+05    1.52736e+03   -3.27078e+05
    Kinetic En.   Total Energy  Conserved En.    Temperature Pressure (bar)
    8.87180e+04   -2.38360e+05   -4.33349e+05    2.99665e+02   -2.59666e+02
   Constr. rmsd
    0.00000e+00

           Step           Time
          91000       91.00000

   Energies (kJ/mol)
        G96Bond       G96Angle    Proper Dih.  Improper Dih.          LJ-14
    1.02419e+04    2.14623e+04    4.98281e+03    1.50823e+03    1.41569e+04
     Coulomb-14        LJ (SR)   Coulomb (SR)   Coul. recip.      Potential
   -4.90051e+04    2.60103e+04   -3.58529e+05    1.48724e+03   -3.27684e+05
    Kinetic En.   Total Energy  Conserved En.    Temperature Pressure (bar)
    8.97008e+04   -2.37984e+05   -4.33330e+05    3.02985e+02    1.88321e+02
   Constr. rmsd
    0.00000e+00

           Step           Time
          92000       92.00000

   Energies (kJ/mol)
        G96Bond       G96Angle    Proper Dih.  Improper Dih.          LJ-14
    1.03410e+04    2.20555e+04    5.07202e+03    1.46068e+03    1.34961e+04
     Coulomb-14        LJ (SR)   Coulomb (SR)   Coul. recip.      Potential
   -4.89571e+04    2.38058e+04   -3.55961e+05    1.54132e+03   -3.27146e+05
    Kinetic En.   Total Energy  Conserved En.    Temperature Pressure (bar)
    8.85832e+04   -2.38562e+05   -4.33324e+05    2.99210e+02   -4.12249e+02
   Constr. rmsd
    0.00000e+00

           Step           Time
          93000       93.00000

   Energies (kJ/mol)
        G96Bond       G96Angle    Proper Dih.  Improper Dih.          LJ-14
    1.02058e+04    2.20605e+04    4.87712e+03    1.50352e+03    1.36590e+04
     Coulomb-14        LJ (SR)   Coulomb (SR)   Coul. recip.      Potential
   -4.88542e+04    2.50541e+04   -3.57309e+05    1.58514e+03   -3.27218e+05
    Kinetic En.   Total Energy  Conserved En.    Temperature Pressure (bar)
    8.88078e+04   -2.38410e+05   -4.33316e+05    2.99968e+02   -4.03562e+02
   Constr. rmsd
    0.00000e+00

           Step           Time
          94000       94.00000

   Energies (kJ/mol)
        G96Bond       G96Angle    Proper Dih.  Improper Dih.          LJ-14
    1.02056e+04    2.19344e+04    4.97147e+03    1.47417e+03    1.38044e+04
     Coulomb-14        LJ (SR)   Coulomb (SR)   Coul. recip.      Potential
   -4.90712e+04    2.58319e+04   -3.58395e+05    1.50308e+03   -3.27741e+05
    Kinetic En.   Total Energy  Conserved En.    Temperature Pressure (bar)
    8.83015e+04   -2.39439e+05   -4.33295e+05    2.98258e+02   -2.38894e+02
   Constr. rmsd
    0.00000e+00

           Step           Time
          95000       95.00000

   Energies (kJ/mol)
        G96Bond       G96Angle    Proper Dih.  Improper Dih.          LJ-14
    1.02954e+04    2.18507e+04    4.93915e+03    1.50883e+03    1.35625e+04
     Coulomb-14        LJ (SR)   Coulomb (SR)   Coul. recip.      Potential
   -4.90051e+04    2.53315e+04   -3.58868e+05    1.53347e+03   -3.28851e+05
    Kinetic En.   Total Energy  Conserved En.    Temperature Pressure (bar)
    8.86424e+04   -2.40209e+05   -4.33290e+05    2.99410e+02   -6.29113e+02
   Constr. rmsd
    0.00000e+00

           Step           Time
          96000       96.00000

   Energies (kJ/mol)
        G96Bond       G96Angle    Proper Dih.  Improper Dih.          LJ-14
    1.04270e+04    2.15346e+04    4.85561e+03    1.40492e+03    1.37266e+04
     Coulomb-14        LJ (SR)   Coulomb (SR)   Coul. recip.      Potential
   -4.87775e+04    2.56353e+04   -3.59030e+05    1.55572e+03   -3.28668e+05
    Kinetic En.   Total Energy  Conserved En.    Temperature Pressure (bar)
    8.87139e+04   -2.39954e+05   -4.33291e+05    2.99651e+02   -3.41139e+02
   Constr. rmsd
    0.00000e+00

           Step           Time
          97000       97.00000

   Energies (kJ/mol)
        G96Bond       G96Angle    Proper Dih.  Improper Dih.          LJ-14
    1.00421e+04    2.17193e+04    5.10969e+03    1.46284e+03    1.37328e+04
     Coulomb-14        LJ (SR)   Coulomb (SR)   Coul. recip.      Potential
   -4.89292e+04    2.54284e+04   -3.58349e+05    1.54662e+03   -3.28237e+05
    Kinetic En.   Total Energy  Conserved En.    Temperature Pressure (bar)
    8.79863e+04   -2.40250e+05   -4.33282e+05    2.97194e+02   -1.48032e+02
   Constr. rmsd
    0.00000e+00

           Step           Time
          98000       98.00000

   Energies (kJ/mol)
        G96Bond       G96Angle    Proper Dih.  Improper Dih.          LJ-14
    1.06499e+04    2.18066e+04    4.93188e+03    1.40802e+03    1.36586e+04
     Coulomb-14        LJ (SR)   Coulomb (SR)   Coul. recip.      Potential
   -4.87418e+04    2.48834e+04   -3.58929e+05    1.55486e+03   -3.28778e+05
    Kinetic En.   Total Energy  Conserved En.    Temperature Pressure (bar)
    8.74468e+04   -2.41331e+05   -4.33247e+05    2.95371e+02   -7.35037e+02
   Constr. rmsd
    0.00000e+00

           Step           Time
          99000       99.00000

   Energies (kJ/mol)
        G96Bond       G96Angle    Proper Dih.  Improper Dih.          LJ-14
    1.02339e+04    2.16854e+04    4.82593e+03    1.36719e+03    1.38024e+04
     Coulomb-14        LJ (SR)   Coulomb (SR)   Coul. recip.      Potential
   -4.89153e+04    2.61086e+04   -3.60626e+05    1.46634e+03   -3.30051e+05
    Kinetic En.   Total Energy  Conserved En.    Temperature Pressure (bar)
    8.84073e+04   -2.41644e+05   -4.33151e+05    2.98616e+02   -4.40987e+02
   Constr. rmsd
    0.00000e+00

           Step           Time
         100000      100.00000

Writing checkpoint, step 100000 at Fri Aug 15 18:23:10 2025


   Energies (kJ/mol)
        G96Bond       G96Angle    Proper Dih.  Improper Dih.          LJ-14
    1.00919e+04    2.16242e+04    5.07180e+03    1.44633e+03    1.36232e+04
     Coulomb-14        LJ (SR)   Coulomb (SR)   Coul. recip.      Potential
   -4.89497e+04    2.75230e+04   -3.63002e+05    1.47580e+03   -3.31096e+05
    Kinetic En.   Total Energy  Conserved En.    Temperature Pressure (bar)
    8.90860e+04   -2.42010e+05   -4.33151e+05    3.00908e+02   -2.81281e+02
   Constr. rmsd
    0.00000e+00


Energy conservation over simulation part #1 of length 100 ps, time 0 to 100 ps
  Conserved energy drift: -2.25e-03 kJ/mol/ps per atom


	<======  ###############  ==>
	<====  A V E R A G E S  ====>
	<==  ###############  ======>

	Statistics over 100001 steps using 1001 frames

   Energies (kJ/mol)
        G96Bond       G96Angle    Proper Dih.  Improper Dih.          LJ-14
    9.42751e+03    2.01068e+04    4.82089e+03    1.36336e+03    1.34905e+04
     Coulomb-14        LJ (SR)   Coulomb (SR)   Coul. recip.      Potential
   -4.90513e+04    2.42889e+04   -3.52542e+05    1.60203e+03   -3.26494e+05
    Kinetic En.   Total Energy  Conserved En.    Temperature Pressure (bar)
    8.66237e+04   -2.39870e+05   -4.33848e+05    2.92591e+02   -3.87957e+02
   Constr. rmsd
    0.00000e+00

   Total Virial (kJ/mol)
    3.36370e+04   -9.91606e+01    1.21760e+02
   -9.91516e+01    3.40090e+04    1.90978e+02
    1.21763e+02    1.90977e+02    3.31379e+04

   Pressure (bar)
   -3.85560e+02    8.19945e+00   -1.23826e+01
    8.19871e+00   -4.22487e+02   -1.63459e+01
   -1.23829e+01   -1.63458e+01   -3.55824e+02


	M E G A - F L O P S   A C C O U N T I N G

 NB=Group-cutoff nonbonded kernels    NxN=N-by-N cluster Verlet kernels
 RF=Reaction-Field  VdW=Van der Waals  QSTab=quadratic-spline table
 W3=SPC/TIP3p  W4=TIP4p (single or pairs)
 V&F=Potential and force  V=Potential only  F=Force only

 Computing:                               M-Number         M-Flops  % Flops
-----------------------------------------------------------------------------
 Pair Search distance check            3410.012176       30690.110     0.0
 NxN Ewald Elec. + LJ [F]           3316257.470592   258668082.706    98.0
 NxN Ewald Elec. + LJ [V&F]           33531.669440     4325585.358     1.6
 1,4 nonbonded interactions            2839.628396      255566.556     0.1
 Shift-X                                 32.687655         196.126     0.0
 Bonds                                  604.106041       35642.256     0.0
 Angles                                1975.019750      331803.318     0.1
 Propers                                587.405874      134515.945     0.1
 Impropers                              226.702267       47154.072     0.0
 Virial                                  32.732700         589.189     0.0
 Stop-CM                                 32.687655         326.877     0.0
 Calc-Ekin                               65.375310        1765.133     0.0
-----------------------------------------------------------------------------
 Total                                               263831917.645   100.0
-----------------------------------------------------------------------------


      R E A L   C Y C L E   A N D   T I M E   A C C O U N T I N G

On 1 MPI rank, each using 6 OpenMP threads

 Activity:              Num   Num      Call    Wall time         Giga-Cycles
                        Ranks Threads  Count      (s)         total sum    %
--------------------------------------------------------------------------------
 Neighbor search           1    6       1001       3.105         50.072   2.9
 Launch PP GPU ops.        1    6     199001       2.160         34.836   2.0
 Force                     1    6     100001      21.555        347.636  20.4
 PME GPU mesh              1    6     100001       2.001         32.274   1.9
 Wait GPU NB local         1    6     100001       1.495         24.117   1.4
 Wait GPU state copy       1    6     106003      73.078       1178.625  69.3
 NB X/F buffer ops.        1    6       1001       0.026          0.417   0.0
 Write traj.               1    6        101       0.204          3.296   0.2
 Rest                                              1.839         29.657   1.7
--------------------------------------------------------------------------------
 Total                                           105.463       1700.929 100.0
--------------------------------------------------------------------------------
 Breakdown of PME mesh activities
--------------------------------------------------------------------------------
 Wait PME GPU gather       1    6     100001       0.073          1.174   0.1
 Reduce GPU PME F          1    6     100001       0.011          0.183   0.0
 Launch PME GPU ops.       1    6     800018       1.844         29.742   1.7
--------------------------------------------------------------------------------

               Core t (s)   Wall t (s)        (%)
       Time:      632.766      105.463      600.0
                 (ns/day)    (hour/ns)
Performance:       81.925        0.293
Finished mdrun on rank 0 Fri Aug 15 18:23:10 2025

